Archive member included to satisfy reference by file (symbol)

/home/anya/Downloads/cube/1/plugins/fr.ac6.mcu.externaltools.arm-none.linux64_1.16.0.201807130628/tools/compiler/bin/../lib/gcc/arm-none-eabi/7.2.1/../../../../arm-none-eabi/lib/thumb/v7e-m/fpv4-sp/hard/libm.a(lib_a-w_sqrt.o)
                              Src/main.o (sqrt)
/home/anya/Downloads/cube/1/plugins/fr.ac6.mcu.externaltools.arm-none.linux64_1.16.0.201807130628/tools/compiler/bin/../lib/gcc/arm-none-eabi/7.2.1/../../../../arm-none-eabi/lib/thumb/v7e-m/fpv4-sp/hard/libm.a(lib_a-e_sqrt.o)
                              /home/anya/Downloads/cube/1/plugins/fr.ac6.mcu.externaltools.arm-none.linux64_1.16.0.201807130628/tools/compiler/bin/../lib/gcc/arm-none-eabi/7.2.1/../../../../arm-none-eabi/lib/thumb/v7e-m/fpv4-sp/hard/libm.a(lib_a-w_sqrt.o) (__ieee754_sqrt)
/home/anya/Downloads/cube/1/plugins/fr.ac6.mcu.externaltools.arm-none.linux64_1.16.0.201807130628/tools/compiler/bin/../lib/gcc/arm-none-eabi/7.2.1/../../../../arm-none-eabi/lib/thumb/v7e-m/fpv4-sp/hard/libm.a(lib_a-s_lib_ver.o)
                              /home/anya/Downloads/cube/1/plugins/fr.ac6.mcu.externaltools.arm-none.linux64_1.16.0.201807130628/tools/compiler/bin/../lib/gcc/arm-none-eabi/7.2.1/../../../../arm-none-eabi/lib/thumb/v7e-m/fpv4-sp/hard/libm.a(lib_a-w_sqrt.o) (__fdlib_version)
/home/anya/Downloads/cube/1/plugins/fr.ac6.mcu.externaltools.arm-none.linux64_1.16.0.201807130628/tools/compiler/bin/../lib/gcc/arm-none-eabi/7.2.1/../../../../arm-none-eabi/lib/thumb/v7e-m/fpv4-sp/hard/libm.a(lib_a-s_matherr.o)
                              /home/anya/Downloads/cube/1/plugins/fr.ac6.mcu.externaltools.arm-none.linux64_1.16.0.201807130628/tools/compiler/bin/../lib/gcc/arm-none-eabi/7.2.1/../../../../arm-none-eabi/lib/thumb/v7e-m/fpv4-sp/hard/libm.a(lib_a-w_sqrt.o) (matherr)
/home/anya/Downloads/cube/1/plugins/fr.ac6.mcu.externaltools.arm-none.linux64_1.16.0.201807130628/tools/compiler/bin/../lib/gcc/arm-none-eabi/7.2.1/thumb/v7e-m/fpv4-sp/hard/libgcc.a(_arm_addsubdf3.o)
                              /home/anya/Downloads/cube/1/plugins/fr.ac6.mcu.externaltools.arm-none.linux64_1.16.0.201807130628/tools/compiler/bin/../lib/gcc/arm-none-eabi/7.2.1/../../../../arm-none-eabi/lib/thumb/v7e-m/fpv4-sp/hard/libm.a(lib_a-e_sqrt.o) (__aeabi_dsub)
/home/anya/Downloads/cube/1/plugins/fr.ac6.mcu.externaltools.arm-none.linux64_1.16.0.201807130628/tools/compiler/bin/../lib/gcc/arm-none-eabi/7.2.1/thumb/v7e-m/fpv4-sp/hard/libgcc.a(_arm_muldivdf3.o)
                              /home/anya/Downloads/cube/1/plugins/fr.ac6.mcu.externaltools.arm-none.linux64_1.16.0.201807130628/tools/compiler/bin/../lib/gcc/arm-none-eabi/7.2.1/../../../../arm-none-eabi/lib/thumb/v7e-m/fpv4-sp/hard/libm.a(lib_a-e_sqrt.o) (__aeabi_dmul)
/home/anya/Downloads/cube/1/plugins/fr.ac6.mcu.externaltools.arm-none.linux64_1.16.0.201807130628/tools/compiler/bin/../lib/gcc/arm-none-eabi/7.2.1/thumb/v7e-m/fpv4-sp/hard/libgcc.a(_arm_cmpdf2.o)
                              /home/anya/Downloads/cube/1/plugins/fr.ac6.mcu.externaltools.arm-none.linux64_1.16.0.201807130628/tools/compiler/bin/../lib/gcc/arm-none-eabi/7.2.1/../../../../arm-none-eabi/lib/thumb/v7e-m/fpv4-sp/hard/libm.a(lib_a-w_sqrt.o) (__aeabi_dcmplt)
/home/anya/Downloads/cube/1/plugins/fr.ac6.mcu.externaltools.arm-none.linux64_1.16.0.201807130628/tools/compiler/bin/../lib/gcc/arm-none-eabi/7.2.1/thumb/v7e-m/fpv4-sp/hard/libgcc.a(_arm_unorddf2.o)
                              /home/anya/Downloads/cube/1/plugins/fr.ac6.mcu.externaltools.arm-none.linux64_1.16.0.201807130628/tools/compiler/bin/../lib/gcc/arm-none-eabi/7.2.1/../../../../arm-none-eabi/lib/thumb/v7e-m/fpv4-sp/hard/libm.a(lib_a-w_sqrt.o) (__aeabi_dcmpun)
/home/anya/Downloads/cube/1/plugins/fr.ac6.mcu.externaltools.arm-none.linux64_1.16.0.201807130628/tools/compiler/bin/../lib/gcc/arm-none-eabi/7.2.1/thumb/v7e-m/fpv4-sp/hard/libgcc.a(_arm_fixdfsi.o)
                              Src/main.o (__aeabi_d2iz)
/home/anya/Downloads/cube/1/plugins/fr.ac6.mcu.externaltools.arm-none.linux64_1.16.0.201807130628/tools/compiler/bin/../lib/gcc/arm-none-eabi/7.2.1/thumb/v7e-m/fpv4-sp/hard/libgcc.a(_aeabi_uldivmod.o)
                              Drivers/STM32F4xx_HAL_Driver/Src/stm32f4xx_hal_rcc.o (__aeabi_uldivmod)
/home/anya/Downloads/cube/1/plugins/fr.ac6.mcu.externaltools.arm-none.linux64_1.16.0.201807130628/tools/compiler/bin/../lib/gcc/arm-none-eabi/7.2.1/thumb/v7e-m/fpv4-sp/hard/libgcc.a(_udivmoddi4.o)
                              /home/anya/Downloads/cube/1/plugins/fr.ac6.mcu.externaltools.arm-none.linux64_1.16.0.201807130628/tools/compiler/bin/../lib/gcc/arm-none-eabi/7.2.1/thumb/v7e-m/fpv4-sp/hard/libgcc.a(_aeabi_uldivmod.o) (__udivmoddi4)
/home/anya/Downloads/cube/1/plugins/fr.ac6.mcu.externaltools.arm-none.linux64_1.16.0.201807130628/tools/compiler/bin/../lib/gcc/arm-none-eabi/7.2.1/thumb/v7e-m/fpv4-sp/hard/libgcc.a(_dvmd_tls.o)
[...]
Memory Configuration

Name             Origin             Length             Attributes
RAM              0x0000000020000000 0x0000000000020000 xrw
FLASH            0x0000000008000000 0x0000000000080000 xr
*default*        0x0000000000000000 0xffffffffffffffff

Linker script and memory map

LOAD /home/anya/Downloads/cube/1/plugins/fr.ac6.mcu.externaltools.arm-none.linux64_1.16.0.201807130628/tools/compiler/bin/../lib/gcc/arm-none-eabi/7.2.1/thumb/v7e-m/fpv4-sp/hard/crti.o
LOAD /home/anya/Downloads/cube/1/plugins/fr.ac6.mcu.externaltools.arm-none.linux64_1.16.0.201807130628/tools/compiler/bin/../lib/gcc/arm-none-eabi/7.2.1/thumb/v7e-m/fpv4-sp/hard/crtbegin.o
LOAD /home/anya/Downloads/cube/1/plugins/fr.ac6.mcu.externaltools.arm-none.linux64_1.16.0.201807130628/tools/compiler/bin/../lib/gcc/arm-none-eabi/7.2.1/../../../../arm-none-eabi/lib/thumb/v7e-m/fpv4-sp/hard/crt0.o
LOAD Drivers/STM32F4Discovery/Src/l3gd20.o
LOAD Drivers/STM32F4Discovery/Src/lsm303dlhc.o
LOAD Drivers/STM32F4Discovery/Src/stm32f411e_discovery.o
LOAD Drivers/STM32F4Discovery/Src/stm32f411e_discovery_accelerometer.o
LOAD Drivers/STM32F4Discovery/Src/stm32f411e_discovery_gyroscope.o
LOAD Drivers/STM32F4xx_HAL_Driver/Src/stm32f4xx_hal.o
LOAD Drivers/STM32F4xx_HAL_Driver/Src/stm32f4xx_hal_cortex.o
LOAD Drivers/STM32F4xx_HAL_Driver/Src/stm32f4xx_hal_dma.o
LOAD Drivers/STM32F4xx_HAL_Driver/Src/stm32f4xx_hal_dma_ex.o
LOAD Drivers/STM32F4xx_HAL_Driver/Src/stm32f4xx_hal_flash.o
LOAD Drivers/STM32F4xx_HAL_Driver/Src/stm32f4xx_hal_flash_ex.o
LOAD Drivers/STM32F4xx_HAL_Driver/Src/stm32f4xx_hal_flash_ramfunc.o
LOAD Drivers/STM32F4xx_HAL_Driver/Src/stm32f4xx_hal_gpio.o
LOAD Drivers/STM32F4xx_HAL_Driver/Src/stm32f4xx_hal_i2c.o
LOAD Drivers/STM32F4xx_HAL_Driver/Src/stm32f4xx_hal_i2c_ex.o
LOAD Drivers/STM32F4xx_HAL_Driver/Src/stm32f4xx_hal_pwr.o
LOAD Drivers/STM32F4xx_HAL_Driver/Src/stm32f4xx_hal_pwr_ex.o
LOAD Drivers/STM32F4xx_HAL_Driver/Src/stm32f4xx_hal_rcc.o
LOAD Drivers/STM32F4xx_HAL_Driver/Src/stm32f4xx_hal_rcc_ex.o
LOAD Drivers/STM32F4xx_HAL_Driver/Src/stm32f4xx_hal_spi.o
LOAD Drivers/STM32F4xx_HAL_Driver/Src/stm32f4xx_hal_tim.o
LOAD Drivers/STM32F4xx_HAL_Driver/Src/stm32f4xx_hal_tim_ex.o
LOAD Src/gpio.o
LOAD Src/i2c.o
LOAD Src/lcd5110.o
LOAD Src/lcd5110_hal.o
LOAD Src/lcd5110_ll.o
LOAD Src/main.o
LOAD Src/spi.o
LOAD Src/stm32f4xx_hal_msp.o
LOAD Src/stm32f4xx_it.o
LOAD Src/system_stm32f4xx.o
LOAD startup/startup_stm32f411xe.o
LOAD /home/anya/Downloads/cube/1/plugins/fr.ac6.mcu.externaltools.arm-none.linux64_1.16.0.201807130628/tools/compiler/bin/../lib/gcc/arm-none-eabi/7.2.1/../../../../arm-none-eabi/lib/thumb/v7e-m/fpv4-sp/hard/libm.a
START GROUP
LOAD /home/anya/Downloads/cube/1/plugins/fr.ac6.mcu.externaltools.arm-none.linux64_1.16.0.201807130628/tools/compiler/bin/../lib/gcc/arm-none-eabi/7.2.1/thumb/v7e-m/fpv4-sp/hard/libgcc.a
LOAD /home/anya/Downloads/cube/1/plugins/fr.ac6.mcu.externaltools.arm-none.linux64_1.16.0.201807130628/tools/compiler/bin/../lib/gcc/arm-none-eabi/7.2.1/../../../../arm-none-eabi/lib/thumb/v7e-m/fpv4-sp/hard/libc_nano.a
END GROUP
START GROUP
LOAD /home/anya/Downloads/cube/1/plugins/fr.ac6.mcu.externaltools.arm-none.linux64_1.16.0.201807130628/tools/compiler/bin/../lib/gcc/arm-none-eabi/7.2.1/thumb/v7e-m/fpv4-sp/hard/libgcc.a
LOAD /home/anya/Downloads/cube/1/plugins/fr.ac6.mcu.externaltools.arm-none.linux64_1.16.0.201807130628/tools/compiler/bin/../lib/gcc/arm-none-eabi/7.2.1/../../../../arm-none-eabi/lib/thumb/v7e-m/fpv4-sp/hard/libc_nano.a
LOAD /home/anya/Downloads/cube/1/plugins/fr.ac6.mcu.externaltools.arm-none.linux64_1.16.0.201807130628/tools/compiler/bin/../lib/gcc/arm-none-eabi/7.2.1/../../../../arm-none-eabi/lib/thumb/v7e-m/fpv4-sp/hard/libnosys.a
END GROUP
START GROUP
LOAD /home/anya/Downloads/cube/1/plugins/fr.ac6.mcu.externaltools.arm-none.linux64_1.16.0.201807130628/tools/compiler/bin/../lib/gcc/arm-none-eabi/7.2.1/thumb/v7e-m/fpv4-sp/hard/libgcc.a
LOAD /home/anya/Downloads/cube/1/plugins/fr.ac6.mcu.externaltools.arm-none.linux64_1.16.0.201807130628/tools/compiler/bin/../lib/gcc/arm-none-eabi/7.2.1/../../../../arm-none-eabi/lib/thumb/v7e-m/fpv4-sp/hard/libc_nano.a
LOAD /home/anya/Downloads/cube/1/plugins/fr.ac6.mcu.externaltools.arm-none.linux64_1.16.0.201807130628/tools/compiler/bin/../lib/gcc/arm-none-eabi/7.2.1/../../../../arm-none-eabi/lib/thumb/v7e-m/fpv4-sp/hard/libnosys.a
END GROUP
LOAD /home/anya/Downloads/cube/1/plugins/fr.ac6.mcu.externaltools.arm-none.linux64_1.16.0.201807130628/tools/compiler/bin/../lib/gcc/arm-none-eabi/7.2.1/thumb/v7e-m/fpv4-sp/hard/crtend.o
LOAD /home/anya/Downloads/cube/1/plugins/fr.ac6.mcu.externaltools.arm-none.linux64_1.16.0.201807130628/tools/compiler/bin/../lib/gcc/arm-none-eabi/7.2.1/thumb/v7e-m/fpv4-sp/hard/crtn.o
                0x0000000020020000                _estack = 0x20020000
                0x0000000000000200                _Min_Heap_Size = 0x200
                0x0000000000000400                _Min_Stack_Size = 0x400

.isr_vector     0x0000000008000000      0x198
                0x0000000008000000                . = ALIGN (0x4)
 *(.isr_vector)
 .isr_vector    0x0000000008000000      0x198 startup/startup_stm32f411xe.o
                0x0000000008000000                g_pfnVectors
                0x0000000008000198                . = ALIGN (0x4)

.text           0x00000000080001a0     0x4c20
                0x00000000080001a0                . = ALIGN (0x4)
 *(.text)
 .text          0x00000000080001a0       0x40 /home/anya/Downloads/cube/1/plugins/fr.ac6.mcu.externaltools.arm-none.linux64_1.16.0.201807130628/tools/compiler/bin/../lib/gcc/arm-none-eabi/7.2.1/thumb/v7e-m/fpv4-sp/hard/crtbegin.o
 .text          0x00000000080001e0      0x378 /home/anya/Downloads/cube/1/plugins/fr.ac6.mcu.externaltools.arm-none.linux64_1.16.0.201807130628/tools/compiler/bin/../lib/gcc/arm-none-eabi/7.2.1/thumb/v7e-m/fpv4-sp/hard/libgcc.a(_arm_addsubdf3.o)
                0x00000000080001e0                __aeabi_drsub
                0x00000000080001e8                __aeabi_dsub
                0x00000000080001e8                __subdf3
                0x00000000080001ec                __adddf3
                0x00000000080001ec                __aeabi_dadd
                0x0000000008000464                __aeabi_ui2d
                0x0000000008000464                __floatunsidf
                0x0000000008000484                __floatsidf
                0x0000000008000484                __aeabi_i2d
                0x00000000080004a8                __extendsfdf2
                0x00000000080004a8                __aeabi_f2d
                0x00000000080004ec                __aeabi_ul2d
                0x00000000080004ec                __floatundidf
                0x00000000080004fc                __floatdidf
                0x00000000080004fc                __aeabi_l2d
 .text          0x0000000008000558      0x424 /home/anya/Downloads/cube/1/plugins/fr.ac6.mcu.externaltools.arm-none.linux64_1.16.0.201807130628/tools/compiler/bin/../lib/gcc/arm-none-eabi/7.2.1/thumb/v7e-m/fpv4-sp/hard/libgcc.a(_arm_muldivdf3.o)
                0x0000000008000558                __aeabi_dmul
                0x0000000008000558                __muldf3
                0x00000000080007ac                __aeabi_ddiv
                0x00000000080007ac                __divdf3
 .text          0x000000000800097c      0x110 /home/anya/Downloads/cube/1/plugins/fr.ac6.mcu.externaltools.arm-none.linux64_1.16.0.201807130628/tools/compiler/bin/../lib/gcc/arm-none-eabi/7.2.1/thumb/v7e-m/fpv4-sp/hard/libgcc.a(_arm_cmpdf2.o)
                0x000000000800097c                __gtdf2
                0x000000000800097c                __gedf2
                0x0000000008000984                __ltdf2
                0x0000000008000984                __ledf2
                0x000000000800098c                __cmpdf2
                0x000000000800098c                __eqdf2
                0x000000000800098c                __nedf2
                0x0000000008000a08                __aeabi_cdrcmple
                0x0000000008000a18                __aeabi_cdcmple
                0x0000000008000a18                __aeabi_cdcmpeq
                0x0000000008000a28                __aeabi_dcmpeq
                0x0000000008000a3c                __aeabi_dcmplt
                0x0000000008000a50                __aeabi_dcmple
                0x0000000008000a64                __aeabi_dcmpge
                0x0000000008000a78                __aeabi_dcmpgt
 .text          0x0000000008000a8c       0x2c /home/anya/Downloads/cube/1/plugins/fr.ac6.mcu.externaltools.arm-none.linux64_1.16.0.201807130628/tools/compiler/bin/../lib/gcc/arm-none-eabi/7.2.1/thumb/v7e-m/fpv4-sp/hard/libgcc.a(_arm_unorddf2.o)
                0x0000000008000a8c                __aeabi_dcmpun
                0x0000000008000a8c                __unorddf2
 .text          0x0000000008000ab8       0x50 /home/anya/Downloads/cube/1/plugins/fr.ac6.mcu.externaltools.arm-none.linux64_1.16.0.201807130628/tools/compiler/bin/../lib/gcc/arm-none-eabi/7.2.1/thumb/v7e-m/fpv4-sp/hard/libgcc.a(_arm_fixdfsi.o)
                0x0000000008000ab8                __fixdfsi
                0x0000000008000ab8                __aeabi_d2iz
 .text          0x0000000008000b08       0x30 /home/anya/Downloads/cube/1/plugins/fr.ac6.mcu.externaltools.arm-none.linux64_1.16.0.201807130628/tools/compiler/bin/../lib/gcc/arm-none-eabi/7.2.1/thumb/v7e-m/fpv4-sp/hard/libgcc.a(_aeabi_uldivmod.o)
                0x0000000008000b08                __aeabi_uldivmod
 .text          0x0000000008000b38      0x2cc /home/anya/Downloads/cube/1/plugins/fr.ac6.mcu.externaltools.arm-none.linux64_1.16.0.201807130628/tools/compiler/bin/../lib/gcc/arm-none-eabi/7.2.1/thumb/v7e-m/fpv4-sp/hard/libgcc.a(_udivmoddi4.o)
                0x0000000008000b38                __udivmoddi4
 .text          0x0000000008000e04        0x4 /home/anya/Downloads/cube/1/plugins/fr.ac6.mcu.externaltools.arm-none.linux64_1.16.0.201807130628/tools/compiler/bin/../lib/gcc/arm-none-eabi/7.2.1/thumb/v7e-m/fpv4-sp/hard/libgcc.a(_dvmd_tls.o)
                0x0000000008000e04                __aeabi_ldiv0
                0x0000000008000e04                __aeabi_idiv0
 *fill*         0x0000000008000e08        0x8 
 .text          0x0000000008000e10       0xa0 /home/anya/Downloads/cube/1/plugins/fr.ac6.mcu.externaltools.arm-none.linux64_1.16.0.201807130628/tools/compiler/bin/../lib/gcc/arm-none-eabi/7.2.1/../../../../arm-none-eabi/lib/thumb/v7e-m/fpv4-sp/hard/libc_nano.a(lib_a-memchr.o)
                0x0000000008000e10                memchr
 *(.text*)
 .text.L3GD20_DeInit
                0x0000000008000eb0        0x2 Drivers/STM32F4Discovery/Src/l3gd20.o
                0x0000000008000eb0                L3GD20_DeInit
 .text.L3GD20_Init
                0x0000000008000eb2       0x34 Drivers/STM32F4Discovery/Src/l3gd20.o
                0x0000000008000eb2                L3GD20_Init
 .text.L3GD20_LowPower
                0x0000000008000ee6       0x1a Drivers/STM32F4Discovery/Src/l3gd20.o
                0x0000000008000ee6                L3GD20_LowPower
 .text.L3GD20_ReadID
                0x0000000008000f00       0x1e Drivers/STM32F4Discovery/Src/l3gd20.o
                0x0000000008000f00                L3GD20_ReadID
 .text.L3GD20_RebootCmd
                0x0000000008000f1e       0x2e Drivers/STM32F4Discovery/Src/l3gd20.o
                0x0000000008000f1e                L3GD20_RebootCmd
 .text.L3GD20_INT1InterruptConfig
                0x0000000008000f4c       0x60 Drivers/STM32F4Discovery/Src/l3gd20.o
                0x0000000008000f4c                L3GD20_INT1InterruptConfig
 .text.L3GD20_EnableIT
                0x0000000008000fac       0x46 Drivers/STM32F4Discovery/Src/l3gd20.o
                0x0000000008000fac                L3GD20_EnableIT
 .text.L3GD20_DisableIT
                0x0000000008000ff2       0x42 Drivers/STM32F4Discovery/Src/l3gd20.o
                0x0000000008000ff2                L3GD20_DisableIT
 .text.L3GD20_FilterConfig
                0x0000000008001034       0x30 Drivers/STM32F4Discovery/Src/l3gd20.o
                0x0000000008001034                L3GD20_FilterConfig
 .text.L3GD20_FilterCmd
                0x0000000008001064       0x30 Drivers/STM32F4Discovery/Src/l3gd20.o
                0x0000000008001064                L3GD20_FilterCmd
 .text.L3GD20_ReadXYZAngRate
                0x0000000008001094       0xec Drivers/STM32F4Discovery/Src/l3gd20.o
                0x0000000008001094                L3GD20_ReadXYZAngRate
 .text.LSM303DLHC_AccDeInit
                0x0000000008001180        0x2 Drivers/STM32F4Discovery/Src/lsm303dlhc.o
                0x0000000008001180                LSM303DLHC_AccDeInit
 .text.LSM303DLHC_AccInit
                0x0000000008001182       0x1e Drivers/STM32F4Discovery/Src/lsm303dlhc.o
                0x0000000008001182                LSM303DLHC_AccInit
 .text.LSM303DLHC_AccReadID
                0x00000000080011a0       0x10 Drivers/STM32F4Discovery/Src/lsm303dlhc.o
                0x00000000080011a0                LSM303DLHC_AccReadID
 .text.LSM303DLHC_AccRebootCmd
                0x00000000080011b0       0x1a Drivers/STM32F4Discovery/Src/lsm303dlhc.o
                0x00000000080011b0                LSM303DLHC_AccRebootCmd
 .text.LSM303DLHC_AccFilterConfig
                0x00000000080011ca       0x1c Drivers/STM32F4Discovery/Src/lsm303dlhc.o
                0x00000000080011ca                LSM303DLHC_AccFilterConfig
 .text.LSM303DLHC_AccFilterCmd
                0x00000000080011e6       0x1c Drivers/STM32F4Discovery/Src/lsm303dlhc.o
                0x00000000080011e6                LSM303DLHC_AccFilterCmd
 .text.LSM303DLHC_AccReadXYZ
                0x0000000008001202      0x10a Drivers/STM32F4Discovery/Src/lsm303dlhc.o
                0x0000000008001202                LSM303DLHC_AccReadXYZ
 .text.LSM303DLHC_AccFilterClickCmd
                0x000000000800130c       0x1c Drivers/STM32F4Discovery/Src/lsm303dlhc.o
                0x000000000800130c                LSM303DLHC_AccFilterClickCmd
 .text.LSM303DLHC_AccIT1Enable
                0x0000000008001328       0x1c Drivers/STM32F4Discovery/Src/lsm303dlhc.o
                0x0000000008001328                LSM303DLHC_AccIT1Enable
 .text.LSM303DLHC_AccClickITEnable
                0x0000000008001344       0x44 Drivers/STM32F4Discovery/Src/lsm303dlhc.o
                0x0000000008001344                LSM303DLHC_AccClickITEnable
 .text.LSM303DLHC_AccZClickITConfig
                0x0000000008001388       0x1a Drivers/STM32F4Discovery/Src/lsm303dlhc.o
                0x0000000008001388                LSM303DLHC_AccZClickITConfig
 *fill*         0x00000000080013a2        0x2 
 .text.SPIx_MspInit
                0x00000000080013a4       0x58 Drivers/STM32F4Discovery/Src/stm32f411e_discovery.o
 .text.I2Cx_MspInit
                0x00000000080013fc       0x88 Drivers/STM32F4Discovery/Src/stm32f411e_discovery.o
 .text.SPIx_Init
                0x0000000008001484       0x4c Drivers/STM32F4Discovery/Src/stm32f411e_discovery.o
 .text.SPIx_Error
                0x00000000080014d0       0x14 Drivers/STM32F4Discovery/Src/stm32f411e_discovery.o
 .text.SPIx_WriteRead
                0x00000000080014e4       0x3c Drivers/STM32F4Discovery/Src/stm32f411e_discovery.o
 .text.I2Cx_Init
                0x0000000008001520       0x4c Drivers/STM32F4Discovery/Src/stm32f411e_discovery.o
 .text.I2Cx_Error
                0x000000000800156c       0x14 Drivers/STM32F4Discovery/Src/stm32f411e_discovery.o
 .text.I2Cx_WriteData
                0x0000000008001580       0x34 Drivers/STM32F4Discovery/Src/stm32f411e_discovery.o
 .text.I2Cx_ReadData
                0x00000000080015b4       0x3c Drivers/STM32F4Discovery/Src/stm32f411e_discovery.o
 .text.GYRO_IO_Init
                0x00000000080015f0       0x7c Drivers/STM32F4Discovery/Src/stm32f411e_discovery.o
                0x00000000080015f0                GYRO_IO_Init
 .text.GYRO_IO_Write
                0x000000000800166c       0x44 Drivers/STM32F4Discovery/Src/stm32f411e_discovery.o
                0x000000000800166c                GYRO_IO_Write
 .text.GYRO_IO_Read
                0x00000000080016b0       0x48 Drivers/STM32F4Discovery/Src/stm32f411e_discovery.o
                0x00000000080016b0                GYRO_IO_Read
 .text.COMPASSACCELERO_IO_Init
                0x00000000080016f8       0x44 Drivers/STM32F4Discovery/Src/stm32f411e_discovery.o
                0x00000000080016f8                COMPASSACCELERO_IO_Init
 .text.COMPASSACCELERO_IO_ITConfig
                0x000000000800173c       0x54 Drivers/STM32F4Discovery/Src/stm32f411e_discovery.o
                0x000000000800173c                COMPASSACCELERO_IO_ITConfig
 .text.COMPASSACCELERO_IO_Write
                0x0000000008001790        0x8 Drivers/STM32F4Discovery/Src/stm32f411e_discovery.o
                0x0000000008001790                COMPASSACCELERO_IO_Write
 .text.COMPASSACCELERO_IO_Read
                0x0000000008001798        0x8 Drivers/STM32F4Discovery/Src/stm32f411e_discovery.o
                0x0000000008001798                COMPASSACCELERO_IO_Read
 .text.BSP_ACCELERO_Init
                0x00000000080017a0       0x34 Drivers/STM32F4Discovery/Src/stm32f411e_discovery_accelerometer.o
                0x00000000080017a0                BSP_ACCELERO_Init
 .text.BSP_ACCELERO_GetXYZ
                0x00000000080017d4       0x34 Drivers/STM32F4Discovery/Src/stm32f411e_discovery_accelerometer.o
                0x00000000080017d4                BSP_ACCELERO_GetXYZ
 .text.BSP_GYRO_Init
                0x0000000008001808       0x44 Drivers/STM32F4Discovery/Src/stm32f411e_discovery_gyroscope.o
                0x0000000008001808                BSP_GYRO_Init
 .text.BSP_GYRO_GetXYZ
                0x000000000800184c       0x14 Drivers/STM32F4Discovery/Src/stm32f411e_discovery_gyroscope.o
                0x000000000800184c                BSP_GYRO_GetXYZ
 .text.HAL_InitTick
                0x0000000008001860       0x48 Drivers/STM32F4xx_HAL_Driver/Src/stm32f4xx_hal.o
                0x0000000008001860                HAL_InitTick
 .text.HAL_Init
                0x00000000080018a8       0x34 Drivers/STM32F4xx_HAL_Driver/Src/stm32f4xx_hal.o
                0x00000000080018a8                HAL_Init
 .text.HAL_IncTick
                0x00000000080018dc       0x18 Drivers/STM32F4xx_HAL_Driver/Src/stm32f4xx_hal.o
                0x00000000080018dc                HAL_IncTick
 .text.HAL_GetTick
                0x00000000080018f4        0xc Drivers/STM32F4xx_HAL_Driver/Src/stm32f4xx_hal.o
                0x00000000080018f4                HAL_GetTick
 .text.HAL_Delay
                0x0000000008001900       0x28 Drivers/STM32F4xx_HAL_Driver/Src/stm32f4xx_hal.o
                0x0000000008001900                HAL_Delay
 .text.HAL_NVIC_SetPriorityGrouping
                0x0000000008001928       0x3c Drivers/STM32F4xx_HAL_Driver/Src/stm32f4xx_hal_cortex.o
                0x0000000008001928                HAL_NVIC_SetPriorityGrouping
 .text.HAL_NVIC_SetPriority
                0x0000000008001964       0x8c Drivers/STM32F4xx_HAL_Driver/Src/stm32f4xx_hal_cortex.o
                0x0000000008001964                HAL_NVIC_SetPriority
 .text.HAL_NVIC_EnableIRQ
                0x00000000080019f0       0x2c Drivers/STM32F4xx_HAL_Driver/Src/stm32f4xx_hal_cortex.o
                0x00000000080019f0                HAL_NVIC_EnableIRQ
 .text.HAL_SYSTICK_Config
                0x0000000008001a1c       0x2c Drivers/STM32F4xx_HAL_Driver/Src/stm32f4xx_hal_cortex.o
                0x0000000008001a1c                HAL_SYSTICK_Config
 .text.HAL_SYSTICK_CLKSourceConfig
                0x0000000008001a48       0x3c Drivers/STM32F4xx_HAL_Driver/Src/stm32f4xx_hal_cortex.o
                0x0000000008001a48                HAL_SYSTICK_CLKSourceConfig
 .text.HAL_SYSTICK_Callback
                0x0000000008001a84        0x2 Drivers/STM32F4xx_HAL_Driver/Src/stm32f4xx_hal_cortex.o
                0x0000000008001a84                HAL_SYSTICK_Callback
 .text.HAL_SYSTICK_IRQHandler
                0x0000000008001a86        0x8 Drivers/STM32F4xx_HAL_Driver/Src/stm32f4xx_hal_cortex.o
                0x0000000008001a86                HAL_SYSTICK_IRQHandler
 *fill*         0x0000000008001a8e        0x2 
 .text.HAL_GPIO_Init
                0x0000000008001a90      0x2b4 Drivers/STM32F4xx_HAL_Driver/Src/stm32f4xx_hal_gpio.o
                0x0000000008001a90                HAL_GPIO_Init
 .text.HAL_GPIO_DeInit
                0x0000000008001d44      0x134 Drivers/STM32F4xx_HAL_Driver/Src/stm32f4xx_hal_gpio.o
                0x0000000008001d44                HAL_GPIO_DeInit
 .text.HAL_GPIO_WritePin
                0x0000000008001e78       0x38 Drivers/STM32F4xx_HAL_Driver/Src/stm32f4xx_hal_gpio.o
                0x0000000008001e78                HAL_GPIO_WritePin
 .text.I2C_IsAcknowledgeFailed
                0x0000000008001eb0       0x2a Drivers/STM32F4xx_HAL_Driver/Src/stm32f4xx_hal_i2c.o
 .text.I2C_WaitOnFlagUntilTimeout
                0x0000000008001eda       0x68 Drivers/STM32F4xx_HAL_Driver/Src/stm32f4xx_hal_i2c.o
 .text.I2C_WaitOnMasterAddressFlagUntilTimeout
                0x0000000008001f42       0x90 Drivers/STM32F4xx_HAL_Driver/Src/stm32f4xx_hal_i2c.o
 .text.I2C_WaitOnTXEFlagUntilTimeout
                0x0000000008001fd2       0x4e Drivers/STM32F4xx_HAL_Driver/Src/stm32f4xx_hal_i2c.o
 .text.I2C_RequestMemoryWrite
                0x0000000008002020       0xd8 Drivers/STM32F4xx_HAL_Driver/Src/stm32f4xx_hal_i2c.o
 .text.I2C_RequestMemoryRead
                0x00000000080020f8      0x148 Drivers/STM32F4xx_HAL_Driver/Src/stm32f4xx_hal_i2c.o
 .text.I2C_WaitOnBTFFlagUntilTimeout
                0x0000000008002240       0x4e Drivers/STM32F4xx_HAL_Driver/Src/stm32f4xx_hal_i2c.o
 .text.I2C_WaitOnRXNEFlagUntilTimeout
                0x000000000800228e       0x5c Drivers/STM32F4xx_HAL_Driver/Src/stm32f4xx_hal_i2c.o
 *fill*         0x00000000080022ea        0x2 
 .text.HAL_I2C_Init
                0x00000000080022ec      0x1f8 Drivers/STM32F4xx_HAL_Driver/Src/stm32f4xx_hal_i2c.o
                0x00000000080022ec                HAL_I2C_Init
 .text.HAL_I2C_DeInit
                0x00000000080024e4       0x60 Drivers/STM32F4xx_HAL_Driver/Src/stm32f4xx_hal_i2c.o
                0x00000000080024e4                HAL_I2C_DeInit
 .text.HAL_I2C_Mem_Write
                0x0000000008002544      0x194 Drivers/STM32F4xx_HAL_Driver/Src/stm32f4xx_hal_i2c.o
                0x0000000008002544                HAL_I2C_Mem_Write
 .text.HAL_I2C_Mem_Read
                0x00000000080026d8      0x300 Drivers/STM32F4xx_HAL_Driver/Src/stm32f4xx_hal_i2c.o
                0x00000000080026d8                HAL_I2C_Mem_Read
 .text.HAL_I2C_GetState
                0x00000000080029d8        0x6 Drivers/STM32F4xx_HAL_Driver/Src/stm32f4xx_hal_i2c.o
                0x00000000080029d8                HAL_I2C_GetState
 *fill*         0x00000000080029de        0x2 
 .text.HAL_RCC_OscConfig
                0x00000000080029e0      0x4a0 Drivers/STM32F4xx_HAL_Driver/Src/stm32f4xx_hal_rcc.o
                0x00000000080029e0                HAL_RCC_OscConfig
 .text.HAL_RCC_GetSysClockFreq
                0x0000000008002e80       0xa8 Drivers/STM32F4xx_HAL_Driver/Src/stm32f4xx_hal_rcc.o
                0x0000000008002e80                HAL_RCC_GetSysClockFreq
 .text.HAL_RCC_ClockConfig
                0x0000000008002f28      0x214 Drivers/STM32F4xx_HAL_Driver/Src/stm32f4xx_hal_rcc.o
                0x0000000008002f28                HAL_RCC_ClockConfig
 .text.HAL_RCC_GetHCLKFreq
                0x000000000800313c        0xc Drivers/STM32F4xx_HAL_Driver/Src/stm32f4xx_hal_rcc.o
                0x000000000800313c                HAL_RCC_GetHCLKFreq
 .text.HAL_RCC_GetPCLK1Freq
                0x0000000008003148       0x20 Drivers/STM32F4xx_HAL_Driver/Src/stm32f4xx_hal_rcc.o
                0x0000000008003148                HAL_RCC_GetPCLK1Freq
 .text.SPI_WaitFlagStateUntilTimeout
                0x0000000008003168       0x96 Drivers/STM32F4xx_HAL_Driver/Src/stm32f4xx_hal_spi.o
 .text.SPI_CheckFlag_BSY
                0x00000000080031fe       0x28 Drivers/STM32F4xx_HAL_Driver/Src/stm32f4xx_hal_spi.o
 *fill*         0x0000000008003226        0x2 
 .text.HAL_SPI_Init
                0x0000000008003228      0x1a4 Drivers/STM32F4xx_HAL_Driver/Src/stm32f4xx_hal_spi.o
                0x0000000008003228                HAL_SPI_Init
 .text.HAL_SPI_DeInit
                0x00000000080033cc       0x68 Drivers/STM32F4xx_HAL_Driver/Src/stm32f4xx_hal_spi.o
                0x00000000080033cc                HAL_SPI_DeInit
 .text.HAL_SPI_Transmit
                0x0000000008003434      0x1c0 Drivers/STM32F4xx_HAL_Driver/Src/stm32f4xx_hal_spi.o
                0x0000000008003434                HAL_SPI_Transmit
 .text.HAL_SPI_TransmitReceive
                0x00000000080035f4      0x24c Drivers/STM32F4xx_HAL_Driver/Src/stm32f4xx_hal_spi.o
                0x00000000080035f4                HAL_SPI_TransmitReceive
 .text.HAL_SPI_GetState
                0x0000000008003840        0x6 Drivers/STM32F4xx_HAL_Driver/Src/stm32f4xx_hal_spi.o
                0x0000000008003840                HAL_SPI_GetState
 *fill*         0x0000000008003846        0x2 
 .text.MX_GPIO_Init
                0x0000000008003848       0x60 Src/gpio.o
                0x0000000008003848                MX_GPIO_Init
 .text.MX_I2C1_Init
                0x00000000080038a8       0x44 Src/i2c.o
                0x00000000080038a8                MX_I2C1_Init
 .text.HAL_I2C_MspInit
                0x00000000080038ec       0x58 Src/i2c.o
                0x00000000080038ec                HAL_I2C_MspInit
 .text.HAL_I2C_MspDeInit
                0x0000000008003944       0x30 Src/i2c.o
                0x0000000008003944                HAL_I2C_MspDeInit
 .text.LCD5110_wputchar
                0x0000000008003974       0x60 Src/lcd5110.o
                0x0000000008003974                LCD5110_wputchar
 .text.LCD5110_wset_cursor
                0x00000000080039d4        0x6 Src/lcd5110.o
                0x00000000080039d4                LCD5110_wset_cursor
 .text.LCD5110_wendl
                0x00000000080039da       0x1a Src/lcd5110.o
                0x00000000080039da                LCD5110_wendl
 .text.LCD5110_wprint
                0x00000000080039f4       0x78 Src/lcd5110.o
                0x00000000080039f4                LCD5110_wprint
 .text.LCD5110_printf
                0x0000000008003a6c       0x44 Src/lcd5110.o
                0x0000000008003a6c                LCD5110_printf
 .text.LCD5110_clrscr
                0x0000000008003ab0       0x14 Src/lcd5110_hal.o
                0x0000000008003ab0                LCD5110_clrscr
 .text.LCD5110_putpix
                0x0000000008003ac4       0x42 Src/lcd5110_hal.o
                0x0000000008003ac4                LCD5110_putpix
 .text.LCD5110_drawBitmap
                0x0000000008003b06       0x6e Src/lcd5110_hal.o
                0x0000000008003b06                LCD5110_drawBitmap
 .text.LCD5110_set_function
                0x0000000008003b74       0x2e Src/lcd5110_ll.o
 .text.LCD5110_set_mode_base
                0x0000000008003ba2       0x28 Src/lcd5110_ll.o
 .text.LCD5110_set_temp_coef_ext
                0x0000000008003bca       0x2a Src/lcd5110_ll.o
 .text.LCD5110_set_bias_ext
                0x0000000008003bf4       0x2a Src/lcd5110_ll.o
 .text.LCD5110_set_voltage_ext
                0x0000000008003c1e       0x2c Src/lcd5110_ll.o
 .text.LCD5110_init
                0x0000000008003c4a       0x86 Src/lcd5110_ll.o
                0x0000000008003c4a                LCD5110_init
 .text.LCD5110_refresh_ll
                0x0000000008003cd0       0x62 Src/lcd5110_ll.o
                0x0000000008003cd0                LCD5110_refresh_ll
 *fill*         0x0000000008003d32        0x2 
 .text.delay    0x0000000008003d34       0x28 Src/main.o
                0x0000000008003d34                delay
 .text._Error_Handler
                0x0000000008003d5c        0x2 Src/main.o
                0x0000000008003d5c                _Error_Handler
 *fill*         0x0000000008003d5e        0x2 
 .text.SystemClock_Config
                0x0000000008003d60       0xa8 Src/main.o
                0x0000000008003d60                SystemClock_Config
 .text.main     0x0000000008003e08      0x228 Src/main.o
                0x0000000008003e08                main
 .text.assert_failed
                0x0000000008004030        0x2 Src/main.o
                0x0000000008004030                assert_failed
 *fill*         0x0000000008004032        0x2 
 .text.MX_SPI2_Init
                0x0000000008004034       0x48 Src/spi.o
                0x0000000008004034                MX_SPI2_Init
 .text.HAL_SPI_MspInit
                0x000000000800407c       0x54 Src/spi.o
                0x000000000800407c                HAL_SPI_MspInit
 .text.HAL_SPI_MspDeInit
                0x00000000080040d0       0x30 Src/spi.o
                0x00000000080040d0                HAL_SPI_MspDeInit
 .text.HAL_MspInit
                0x0000000008004100       0x94 Src/stm32f4xx_hal_msp.o
                0x0000000008004100                HAL_MspInit
 .text.NMI_Handler
                0x0000000008004194        0x2 Src/stm32f4xx_it.o
                0x0000000008004194                NMI_Handler
 .text.HardFault_Handler
                0x0000000008004196        0x2 Src/stm32f4xx_it.o
                0x0000000008004196                HardFault_Handler
 .text.MemManage_Handler
                0x0000000008004198        0x2 Src/stm32f4xx_it.o
                0x0000000008004198                MemManage_Handler
 .text.BusFault_Handler
                0x000000000800419a        0x2 Src/stm32f4xx_it.o
                0x000000000800419a                BusFault_Handler
 .text.UsageFault_Handler
                0x000000000800419c        0x2 Src/stm32f4xx_it.o
                0x000000000800419c                UsageFault_Handler
 .text.SVC_Handler
                0x000000000800419e        0x2 Src/stm32f4xx_it.o
                0x000000000800419e                SVC_Handler
 .text.DebugMon_Handler
                0x00000000080041a0        0x2 Src/stm32f4xx_it.o
                0x00000000080041a0                DebugMon_Handler
 .text.PendSV_Handler
                0x00000000080041a2        0x2 Src/stm32f4xx_it.o
                0x00000000080041a2                PendSV_Handler
 .text.SysTick_Handler
                0x00000000080041a4        0xc Src/stm32f4xx_it.o
                0x00000000080041a4                SysTick_Handler
 .text.SystemInit
                0x00000000080041b0       0x4c Src/system_stm32f4xx.o
                0x00000000080041b0                SystemInit
 .text.Reset_Handler
                0x00000000080041fc       0x50 startup/startup_stm32f411xe.o
                0x00000000080041fc                Reset_Handler
 .text.Default_Handler
                0x000000000800424c        0x2 startup/startup_stm32f411xe.o
                0x000000000800424c                RTC_Alarm_IRQHandler
                0x000000000800424c                EXTI2_IRQHandler
                0x000000000800424c                SPI4_IRQHandler
                0x000000000800424c                TIM1_CC_IRQHandler
                0x000000000800424c                DMA2_Stream5_IRQHandler
                0x000000000800424c                DMA1_Stream5_IRQHandler
                0x000000000800424c                PVD_IRQHandler
                0x000000000800424c                SDIO_IRQHandler
                0x000000000800424c                TAMP_STAMP_IRQHandler
                0x000000000800424c                EXTI3_IRQHandler
                0x000000000800424c                TIM1_UP_TIM10_IRQHandler
                0x000000000800424c                I2C3_ER_IRQHandler
                0x000000000800424c                EXTI0_IRQHandler
                0x000000000800424c                I2C2_EV_IRQHandler
                0x000000000800424c                DMA1_Stream2_IRQHandler
                0x000000000800424c                FPU_IRQHandler
                0x000000000800424c                DMA2_Stream2_IRQHandler
                0x000000000800424c                SPI1_IRQHandler
                0x000000000800424c                TIM1_BRK_TIM9_IRQHandler
                0x000000000800424c                DMA2_Stream3_IRQHandler
                0x000000000800424c                USART6_IRQHandler
                0x000000000800424c                DMA2_Stream0_IRQHandler
                0x000000000800424c                TIM4_IRQHandler
                0x000000000800424c                I2C1_EV_IRQHandler
                0x000000000800424c                DMA1_Stream6_IRQHandler
                0x000000000800424c                DMA1_Stream1_IRQHandler
                0x000000000800424c                TIM3_IRQHandler
                0x000000000800424c                RCC_IRQHandler
                0x000000000800424c                Default_Handler
                0x000000000800424c                EXTI15_10_IRQHandler
                0x000000000800424c                ADC_IRQHandler
                0x000000000800424c                DMA1_Stream7_IRQHandler
                0x000000000800424c                SPI5_IRQHandler
                0x000000000800424c                TIM5_IRQHandler
                0x000000000800424c                DMA2_Stream7_IRQHandler
                0x000000000800424c                I2C3_EV_IRQHandler
                0x000000000800424c                EXTI9_5_IRQHandler
                0x000000000800424c                RTC_WKUP_IRQHandler
                0x000000000800424c                SPI2_IRQHandler
                0x000000000800424c                DMA1_Stream0_IRQHandler
                0x000000000800424c                EXTI4_IRQHandler
                0x000000000800424c                WWDG_IRQHandler
                0x000000000800424c                TIM2_IRQHandler
                0x000000000800424c                OTG_FS_WKUP_IRQHandler
                0x000000000800424c                TIM1_TRG_COM_TIM11_IRQHandler
                0x000000000800424c                EXTI1_IRQHandler
                0x000000000800424c                USART2_IRQHandler
                0x000000000800424c                I2C2_ER_IRQHandler
                0x000000000800424c                DMA2_Stream1_IRQHandler
                0x000000000800424c                FLASH_IRQHandler
                0x000000000800424c                DMA2_Stream4_IRQHandler
                0x000000000800424c                USART1_IRQHandler
                0x000000000800424c                OTG_FS_IRQHandler
                0x000000000800424c                SPI3_IRQHandler
                0x000000000800424c                DMA1_Stream4_IRQHandler
                0x000000000800424c                I2C1_ER_IRQHandler
                0x000000000800424c                DMA2_Stream6_IRQHandler
                0x000000000800424c                DMA1_Stream3_IRQHandler
 *fill*         0x000000000800424e        0x2 
 .text.sqrt     0x0000000008004250       0xb8 /home/anya/Downloads/cube/1/plugins/fr.ac6.mcu.externaltools.arm-none.linux64_1.16.0.201807130628/tools/compiler/bin/../lib/gcc/arm-none-eabi/7.2.1/../../../../arm-none-eabi/lib/thumb/v7e-m/fpv4-sp/hard/libm.a(lib_a-w_sqrt.o)
                0x0000000008004250                sqrt
 .text.__ieee754_sqrt
                0x0000000008004308      0x194 /home/anya/Downloads/cube/1/plugins/fr.ac6.mcu.externaltools.arm-none.linux64_1.16.0.201807130628/tools/compiler/bin/../lib/gcc/arm-none-eabi/7.2.1/../../../../arm-none-eabi/lib/thumb/v7e-m/fpv4-sp/hard/libm.a(lib_a-e_sqrt.o)
                0x0000000008004308                __ieee754_sqrt
 .text.matherr  0x000000000800449c        0x4 /home/anya/Downloads/cube/1/plugins/fr.ac6.mcu.externaltools.arm-none.linux64_1.16.0.201807130628/tools/compiler/bin/../lib/gcc/arm-none-eabi/7.2.1/../../../../arm-none-eabi/lib/thumb/v7e-m/fpv4-sp/hard/libm.a(lib_a-s_matherr.o)
                0x000000000800449c                matherr
 .text.__errno  0x00000000080044a0        0xc /home/anya/Downloads/cube/1/plugins/fr.ac6.mcu.externaltools.arm-none.linux64_1.16.0.201807130628/tools/compiler/bin/../lib/gcc/arm-none-eabi/7.2.1/../../../../arm-none-eabi/lib/thumb/v7e-m/fpv4-sp/hard/libc_nano.a(lib_a-errno.o)
                0x00000000080044a0                __errno
 .text.__libc_init_array
                0x00000000080044ac       0x48 /home/anya/Downloads/cube/1/plugins/fr.ac6.mcu.externaltools.arm-none.linux64_1.16.0.201807130628/tools/compiler/bin/../lib/gcc/arm-none-eabi/7.2.1/../../../../arm-none-eabi/lib/thumb/v7e-m/fpv4-sp/hard/libc_nano.a(lib_a-init.o)
                0x00000000080044ac                __libc_init_array
 .text.__locale_ctype_ptr
                0x00000000080044f4       0x1c /home/anya/Downloads/cube/1/plugins/fr.ac6.mcu.externaltools.arm-none.linux64_1.16.0.201807130628/tools/compiler/bin/../lib/gcc/arm-none-eabi/7.2.1/../../../../arm-none-eabi/lib/thumb/v7e-m/fpv4-sp/hard/libc_nano.a(lib_a-locale.o)
                0x00000000080044f4                __locale_ctype_ptr
 .text.__ascii_mbtowc
                0x0000000008004510       0x24 /home/anya/Downloads/cube/1/plugins/fr.ac6.mcu.externaltools.arm-none.linux64_1.16.0.201807130628/tools/compiler/bin/../lib/gcc/arm-none-eabi/7.2.1/../../../../arm-none-eabi/lib/thumb/v7e-m/fpv4-sp/hard/libc_nano.a(lib_a-mbtowc_r.o)
                0x0000000008004510                __ascii_mbtowc
 .text._vsnprintf_r
                0x0000000008004534       0x58 /home/anya/Downloads/cube/1/plugins/fr.ac6.mcu.externaltools.arm-none.linux64_1.16.0.201807130628/tools/compiler/bin/../lib/gcc/arm-none-eabi/7.2.1/../../../../arm-none-eabi/lib/thumb/v7e-m/fpv4-sp/hard/libc_nano.a(lib_a-vsnprintf.o)
                0x0000000008004534                _vsnprintf_r
                0x0000000008004534                _vsniprintf_r
 .text.vsnprintf
                0x000000000800458c       0x1c /home/anya/Downloads/cube/1/plugins/fr.ac6.mcu.externaltools.arm-none.linux64_1.16.0.201807130628/tools/compiler/bin/../lib/gcc/arm-none-eabi/7.2.1/../../../../arm-none-eabi/lib/thumb/v7e-m/fpv4-sp/hard/libc_nano.a(lib_a-vsnprintf.o)
                0x000000000800458c                vsnprintf
                0x000000000800458c                vsniprintf
 .text.__ascii_wctomb
                0x00000000080045a8       0x1a /home/anya/Downloads/cube/1/plugins/fr.ac6.mcu.externaltools.arm-none.linux64_1.16.0.201807130628/tools/compiler/bin/../lib/gcc/arm-none-eabi/7.2.1/../../../../arm-none-eabi/lib/thumb/v7e-m/fpv4-sp/hard/libc_nano.a(lib_a-wctomb_r.o)
                0x00000000080045a8                __ascii_wctomb
 .text.__ssputs_r
                0x00000000080045c2       0xb4 /home/anya/Downloads/cube/1/plugins/fr.ac6.mcu.externaltools.arm-none.linux64_1.16.0.201807130628/tools/compiler/bin/../lib/gcc/arm-none-eabi/7.2.1/../../../../arm-none-eabi/lib/thumb/v7e-m/fpv4-sp/hard/libc_nano.a(lib_a-nano-svfprintf.o)
                0x00000000080045c2                __ssputs_r
 *fill*         0x0000000008004676        0x2 
 .text._svfprintf_r
                0x0000000008004678      0x1ec /home/anya/Downloads/cube/1/plugins/fr.ac6.mcu.externaltools.arm-none.linux64_1.16.0.201807130628/tools/compiler/bin/../lib/gcc/arm-none-eabi/7.2.1/../../../../arm-none-eabi/lib/thumb/v7e-m/fpv4-sp/hard/libc_nano.a(lib_a-nano-svfprintf.o)
                0x0000000008004678                _svfprintf_r
                0x0000000008004678                _svfiprintf_r
 .text._printf_common
                0x0000000008004864       0xea /home/anya/Downloads/cube/1/plugins/fr.ac6.mcu.externaltools.arm-none.linux64_1.16.0.201807130628/tools/compiler/bin/../lib/gcc/arm-none-eabi/7.2.1/../../../../arm-none-eabi/lib/thumb/v7e-m/fpv4-sp/hard/libc_nano.a(lib_a-nano-vfprintf_i.o)
                0x0000000008004864                _printf_common
 *fill*         0x000000000800494e        0x2 
 .text._printf_i
                0x0000000008004950      0x224 /home/anya/Downloads/cube/1/plugins/fr.ac6.mcu.externaltools.arm-none.linux64_1.16.0.201807130628/tools/compiler/bin/../lib/gcc/arm-none-eabi/7.2.1/../../../../arm-none-eabi/lib/thumb/v7e-m/fpv4-sp/hard/libc_nano.a(lib_a-nano-vfprintf_i.o)
                0x0000000008004950                _printf_i
 .text.memcpy   0x0000000008004b74       0x16 /home/anya/Downloads/cube/1/plugins/fr.ac6.mcu.externaltools.arm-none.linux64_1.16.0.201807130628/tools/compiler/bin/../lib/gcc/arm-none-eabi/7.2.1/../../../../arm-none-eabi/lib/thumb/v7e-m/fpv4-sp/hard/libc_nano.a(lib_a-memcpy-stub.o)
                0x0000000008004b74                memcpy
 .text.memmove  0x0000000008004b8a       0x32 /home/anya/Downloads/cube/1/plugins/fr.ac6.mcu.externaltools.arm-none.linux64_1.16.0.201807130628/tools/compiler/bin/../lib/gcc/arm-none-eabi/7.2.1/../../../../arm-none-eabi/lib/thumb/v7e-m/fpv4-sp/hard/libc_nano.a(lib_a-memmove.o)
                0x0000000008004b8a                memmove
 .text._free_r  0x0000000008004bbc       0x9c /home/anya/Downloads/cube/1/plugins/fr.ac6.mcu.externaltools.arm-none.linux64_1.16.0.201807130628/tools/compiler/bin/../lib/gcc/arm-none-eabi/7.2.1/../../../../arm-none-eabi/lib/thumb/v7e-m/fpv4-sp/hard/libc_nano.a(lib_a-nano-freer.o)
                0x0000000008004bbc                _free_r
 .text._malloc_r
                0x0000000008004c58       0xb4 /home/anya/Downloads/cube/1/plugins/fr.ac6.mcu.externaltools.arm-none.linux64_1.16.0.201807130628/tools/compiler/bin/../lib/gcc/arm-none-eabi/7.2.1/../../../../arm-none-eabi/lib/thumb/v7e-m/fpv4-sp/hard/libc_nano.a(lib_a-nano-mallocr.o)
                0x0000000008004c58                _malloc_r
 .text._realloc_r
                0x0000000008004d0c       0x4c /home/anya/Downloads/cube/1/plugins/fr.ac6.mcu.externaltools.arm-none.linux64_1.16.0.201807130628/tools/compiler/bin/../lib/gcc/arm-none-eabi/7.2.1/../../../../arm-none-eabi/lib/thumb/v7e-m/fpv4-sp/hard/libc_nano.a(lib_a-nano-reallocr.o)
                0x0000000008004d0c                _realloc_r
 .text._sbrk_r  0x0000000008004d58       0x20 /home/anya/Downloads/cube/1/plugins/fr.ac6.mcu.externaltools.arm-none.linux64_1.16.0.201807130628/tools/compiler/bin/../lib/gcc/arm-none-eabi/7.2.1/../../../../arm-none-eabi/lib/thumb/v7e-m/fpv4-sp/hard/libc_nano.a(lib_a-sbrkr.o)
                0x0000000008004d58                _sbrk_r
 .text.__malloc_lock
                0x0000000008004d78        0x2 /home/anya/Downloads/cube/1/plugins/fr.ac6.mcu.externaltools.arm-none.linux64_1.16.0.201807130628/tools/compiler/bin/../lib/gcc/arm-none-eabi/7.2.1/../../../../arm-none-eabi/lib/thumb/v7e-m/fpv4-sp/hard/libc_nano.a(lib_a-mlock.o)
                0x0000000008004d78                __malloc_lock
 .text.__malloc_unlock
                0x0000000008004d7a        0x2 /home/anya/Downloads/cube/1/plugins/fr.ac6.mcu.externaltools.arm-none.linux64_1.16.0.201807130628/tools/compiler/bin/../lib/gcc/arm-none-eabi/7.2.1/../../../../arm-none-eabi/lib/thumb/v7e-m/fpv4-sp/hard/libc_nano.a(lib_a-mlock.o)
                0x0000000008004d7a                __malloc_unlock
 .text._malloc_usable_size_r
                0x0000000008004d7c       0x10 /home/anya/Downloads/cube/1/plugins/fr.ac6.mcu.externaltools.arm-none.linux64_1.16.0.201807130628/tools/compiler/bin/../lib/gcc/arm-none-eabi/7.2.1/../../../../arm-none-eabi/lib/thumb/v7e-m/fpv4-sp/hard/libc_nano.a(lib_a-nano-msizer.o)
                0x0000000008004d7c                _malloc_usable_size_r
 .text._sbrk    0x0000000008004d8c       0x1c /home/anya/Downloads/cube/1/plugins/fr.ac6.mcu.externaltools.arm-none.linux64_1.16.0.201807130628/tools/compiler/bin/../lib/gcc/arm-none-eabi/7.2.1/../../../../arm-none-eabi/lib/thumb/v7e-m/fpv4-sp/hard/libnosys.a(sbrk.o)
                0x0000000008004d8c                _sbrk
 *(.glue_7)
 .glue_7        0x0000000008004da8        0x0 linker stubs
 *(.glue_7t)
 .glue_7t       0x0000000008004da8        0x0 linker stubs
 *(.eh_frame)
 .eh_frame      0x0000000008004da8        0x0 /home/anya/Downloads/cube/1/plugins/fr.ac6.mcu.externaltools.arm-none.linux64_1.16.0.201807130628/tools/compiler/bin/../lib/gcc/arm-none-eabi/7.2.1/thumb/v7e-m/fpv4-sp/hard/crtbegin.o
 *(.init)
 .init          0x0000000008004da8        0x4 /home/anya/Downloads/cube/1/plugins/fr.ac6.mcu.externaltools.arm-none.linux64_1.16.0.201807130628/tools/compiler/bin/../lib/gcc/arm-none-eabi/7.2.1/thumb/v7e-m/fpv4-sp/hard/crti.o
                0x0000000008004da8                _init
 .init          0x0000000008004dac        0x8 /home/anya/Downloads/cube/1/plugins/fr.ac6.mcu.externaltools.arm-none.linux64_1.16.0.201807130628/tools/compiler/bin/../lib/gcc/arm-none-eabi/7.2.1/thumb/v7e-m/fpv4-sp/hard/crtn.o
 *(.fini)
 .fini          0x0000000008004db4        0x4 /home/anya/Downloads/cube/1/plugins/fr.ac6.mcu.externaltools.arm-none.linux64_1.16.0.201807130628/tools/compiler/bin/../lib/gcc/arm-none-eabi/7.2.1/thumb/v7e-m/fpv4-sp/hard/crti.o
                0x0000000008004db4                _fini
 .fini          0x0000000008004db8        0x8 /home/anya/Downloads/cube/1/plugins/fr.ac6.mcu.externaltools.arm-none.linux64_1.16.0.201807130628/tools/compiler/bin/../lib/gcc/arm-none-eabi/7.2.1/thumb/v7e-m/fpv4-sp/hard/crtn.o
                0x0000000008004dc0                . = ALIGN (0x4)
                0x0000000008004dc0                _etext = .

.vfp11_veneer   0x0000000008004dc0        0x0
 .vfp11_veneer  0x0000000008004dc0        0x0 linker stubs

.v4_bx          0x0000000008004dc0        0x0
 .v4_bx         0x0000000008004dc0        0x0 linker stubs

.iplt           0x0000000008004dc0        0x0
 .iplt          0x0000000008004dc0        0x0 /home/anya/Downloads/cube/1/plugins/fr.ac6.mcu.externaltools.arm-none.linux64_1.16.0.201807130628/tools/compiler/bin/../lib/gcc/arm-none-eabi/7.2.1/thumb/v7e-m/fpv4-sp/hard/crtbegin.o

.rodata         0x0000000008004dc0      0x924
                0x0000000008004dc0                . = ALIGN (0x4)
 *(.rodata)
 .rodata        0x0000000008004dc0      0x60e Src/lcd5110.o
                0x00000000080053c0                lcd5110_def_scr
 *fill*         0x00000000080053ce        0x2 
 .rodata        0x00000000080053d0       0x18 Src/system_stm32f4xx.o
                0x00000000080053d0                AHBPrescTable
                0x00000000080053e0                APBPrescTable
 *(.rodata*)
 .rodata.str1.4
                0x00000000080053e8       0x3b Drivers/STM32F4xx_HAL_Driver/Src/stm32f4xx_hal_cortex.o
 *fill*         0x0000000008005423        0x1 
 .rodata.str1.4
                0x0000000008005424       0x39 Drivers/STM32F4xx_HAL_Driver/Src/stm32f4xx_hal_gpio.o
 *fill*         0x000000000800545d        0x3 
 .rodata.str1.4
                0x0000000008005460       0x38 Drivers/STM32F4xx_HAL_Driver/Src/stm32f4xx_hal_i2c.o
 .rodata.str1.4
                0x0000000008005498       0x38 Drivers/STM32F4xx_HAL_Driver/Src/stm32f4xx_hal_rcc.o
 .rodata.str1.4
                0x00000000080054d0       0x38 Drivers/STM32F4xx_HAL_Driver/Src/stm32f4xx_hal_spi.o
 .rodata.str1.4
                0x0000000008005508        0xd Src/i2c.o
 *fill*         0x0000000008005515        0x3 
 .rodata.str1.4
                0x0000000008005518       0x74 Src/main.o
 .rodata.str1.4
                0x000000000800558c        0xd Src/spi.o
 *fill*         0x0000000008005599        0x3 
 .rodata.sqrt.str1.4
                0x000000000800559c        0x8 /home/anya/Downloads/cube/1/plugins/fr.ac6.mcu.externaltools.arm-none.linux64_1.16.0.201807130628/tools/compiler/bin/../lib/gcc/arm-none-eabi/7.2.1/../../../../arm-none-eabi/lib/thumb/v7e-m/fpv4-sp/hard/libm.a(lib_a-w_sqrt.o)
                                          0x5 (size before relaxing)
 .rodata._setlocale_r.str1.1
                0x00000000080055a4        0x8 /home/anya/Downloads/cube/1/plugins/fr.ac6.mcu.externaltools.arm-none.linux64_1.16.0.201807130628/tools/compiler/bin/../lib/gcc/arm-none-eabi/7.2.1/../../../../arm-none-eabi/lib/thumb/v7e-m/fpv4-sp/hard/libc_nano.a(lib_a-locale.o)
                                          0x9 (size before relaxing)
 .rodata.str1.1
                0x00000000080055ac        0x2 /home/anya/Downloads/cube/1/plugins/fr.ac6.mcu.externaltools.arm-none.linux64_1.16.0.201807130628/tools/compiler/bin/../lib/gcc/arm-none-eabi/7.2.1/../../../../arm-none-eabi/lib/thumb/v7e-m/fpv4-sp/hard/libc_nano.a(lib_a-locale.o)
 .rodata._ctype_
                0x00000000080055ae      0x101 /home/anya/Downloads/cube/1/plugins/fr.ac6.mcu.externaltools.arm-none.linux64_1.16.0.201807130628/tools/compiler/bin/../lib/gcc/arm-none-eabi/7.2.1/../../../../arm-none-eabi/lib/thumb/v7e-m/fpv4-sp/hard/libc_nano.a(lib_a-ctype_.o)
                0x00000000080055ae                _ctype_
 .rodata._svfprintf_r.str1.1
                0x00000000080056af       0x11 /home/anya/Downloads/cube/1/plugins/fr.ac6.mcu.externaltools.arm-none.linux64_1.16.0.201807130628/tools/compiler/bin/../lib/gcc/arm-none-eabi/7.2.1/../../../../arm-none-eabi/lib/thumb/v7e-m/fpv4-sp/hard/libc_nano.a(lib_a-nano-svfprintf.o)
 .rodata._printf_i.str1.1
                0x00000000080056c0       0x22 /home/anya/Downloads/cube/1/plugins/fr.ac6.mcu.externaltools.arm-none.linux64_1.16.0.201807130628/tools/compiler/bin/../lib/gcc/arm-none-eabi/7.2.1/../../../../arm-none-eabi/lib/thumb/v7e-m/fpv4-sp/hard/libc_nano.a(lib_a-nano-vfprintf_i.o)
                0x00000000080056e4                . = ALIGN (0x4)
 *fill*         0x00000000080056e2        0x2 

.ARM.extab
 *(.ARM.extab* .gnu.linkonce.armextab.*)

.ARM            0x00000000080056e4        0x8
                0x00000000080056e4                __exidx_start = .
 *(.ARM.exidx*)
 .ARM.exidx     0x00000000080056e4        0x8 /home/anya/Downloads/cube/1/plugins/fr.ac6.mcu.externaltools.arm-none.linux64_1.16.0.201807130628/tools/compiler/bin/../lib/gcc/arm-none-eabi/7.2.1/thumb/v7e-m/fpv4-sp/hard/libgcc.a(_udivmoddi4.o)
                0x00000000080056ec                __exidx_end = .

.rel.dyn        0x00000000080056ec        0x0
 .rel.iplt      0x00000000080056ec        0x0 /home/anya/Downloads/cube/1/plugins/fr.ac6.mcu.externaltools.arm-none.linux64_1.16.0.201807130628/tools/compiler/bin/../lib/gcc/arm-none-eabi/7.2.1/thumb/v7e-m/fpv4-sp/hard/crtbegin.o

.preinit_array  0x00000000080056ec        0x0
                0x00000000080056ec                PROVIDE (__preinit_array_start, .)
 *(.preinit_array*)
                0x00000000080056ec                PROVIDE (__preinit_array_end, .)

.init_array     0x00000000080056ec        0x4
                0x00000000080056ec                PROVIDE (__init_array_start, .)
 *(SORT_BY_NAME(.init_array.*))
 *(.init_array*)
 .init_array    0x00000000080056ec        0x4 /home/anya/Downloads/cube/1/plugins/fr.ac6.mcu.externaltools.arm-none.linux64_1.16.0.201807130628/tools/compiler/bin/../lib/gcc/arm-none-eabi/7.2.1/thumb/v7e-m/fpv4-sp/hard/crtbegin.o
                0x00000000080056f0                PROVIDE (__init_array_end, .)

.fini_array     0x00000000080056f0        0x4
                [!provide]                        PROVIDE (__fini_array_start, .)
 *(SORT_BY_NAME(.fini_array.*))
 *(.fini_array*)
 .fini_array    0x00000000080056f0        0x4 /home/anya/Downloads/cube/1/plugins/fr.ac6.mcu.externaltools.arm-none.linux64_1.16.0.201807130628/tools/compiler/bin/../lib/gcc/arm-none-eabi/7.2.1/thumb/v7e-m/fpv4-sp/hard/crtbegin.o
                [!provide]                        PROVIDE (__fini_array_end, .)
                0x00000000080056f4                _sidata = LOADADDR (.data)

.data           0x0000000020000000      0x264 load address 0x00000000080056f4
                0x0000000020000000                . = ALIGN (0x4)
                0x0000000020000000                _sdata = .
 *(.data)
 .data          0x0000000020000000       0x34 Drivers/STM32F4Discovery/Src/l3gd20.o
                0x0000000020000000                L3gd20Drv
 .data          0x0000000020000034       0x34 Drivers/STM32F4Discovery/Src/lsm303dlhc.o
                0x0000000020000034                Lsm303dlhcDrv
 .data          0x0000000020000068       0x1c Drivers/STM32F4Discovery/Src/stm32f411e_discovery.o
                0x0000000020000068                SpixTimeout
                0x000000002000006c                I2cxTimeout
                0x0000000020000070                GPIO_PORT
                0x0000000020000080                BUTTON_PORT
 .data          0x0000000020000084        0x8 Drivers/STM32F4xx_HAL_Driver/Src/stm32f4xx_hal.o
                0x0000000020000084                uwTickFreq
                0x0000000020000088                uwTickPrio
 .data          0x000000002000008c        0x4 Src/system_stm32f4xx.o
                0x000000002000008c                SystemCoreClock
 *(.data*)
 .data.__fdlib_version
                0x0000000020000090        0x1 /home/anya/Downloads/cube/1/plugins/fr.ac6.mcu.externaltools.arm-none.linux64_1.16.0.201807130628/tools/compiler/bin/../lib/gcc/arm-none-eabi/7.2.1/../../../../arm-none-eabi/lib/thumb/v7e-m/fpv4-sp/hard/libm.a(lib_a-s_lib_ver.o)
                0x0000000020000090                __fdlib_version
 *fill*         0x0000000020000091        0x3 
 .data._impure_ptr
                0x0000000020000094        0x4 /home/anya/Downloads/cube/1/plugins/fr.ac6.mcu.externaltools.arm-none.linux64_1.16.0.201807130628/tools/compiler/bin/../lib/gcc/arm-none-eabi/7.2.1/../../../../arm-none-eabi/lib/thumb/v7e-m/fpv4-sp/hard/libc_nano.a(lib_a-impure.o)
                0x0000000020000094                _impure_ptr
 .data.impure_data
                0x0000000020000098       0x60 /home/anya/Downloads/cube/1/plugins/fr.ac6.mcu.externaltools.arm-none.linux64_1.16.0.201807130628/tools/compiler/bin/../lib/gcc/arm-none-eabi/7.2.1/../../../../arm-none-eabi/lib/thumb/v7e-m/fpv4-sp/hard/libc_nano.a(lib_a-impure.o)
 .data.__global_locale
                0x00000000200000f8      0x16c /home/anya/Downloads/cube/1/plugins/fr.ac6.mcu.externaltools.arm-none.linux64_1.16.0.201807130628/tools/compiler/bin/../lib/gcc/arm-none-eabi/7.2.1/../../../../arm-none-eabi/lib/thumb/v7e-m/fpv4-sp/hard/libc_nano.a(lib_a-locale.o)
                0x00000000200000f8                __global_locale
                0x0000000020000264                . = ALIGN (0x4)
                0x0000000020000264                _edata = .

.igot.plt       0x0000000020000264        0x0 load address 0x0000000008005958
 .igot.plt      0x0000000020000264        0x0 /home/anya/Downloads/cube/1/plugins/fr.ac6.mcu.externaltools.arm-none.linux64_1.16.0.201807130628/tools/compiler/bin/../lib/gcc/arm-none-eabi/7.2.1/thumb/v7e-m/fpv4-sp/hard/crtbegin.o
                0x0000000020000264                . = ALIGN (0x4)

.bss            0x0000000020000264      0x3b4 load address 0x0000000008005958
                0x0000000020000264                _sbss = .
                0x0000000020000264                __bss_start__ = _sbss
 *(.bss)
 .bss           0x0000000020000264       0x1c /home/anya/Downloads/cube/1/plugins/fr.ac6.mcu.externaltools.arm-none.linux64_1.16.0.201807130628/tools/compiler/bin/../lib/gcc/arm-none-eabi/7.2.1/thumb/v7e-m/fpv4-sp/hard/crtbegin.o
 .bss           0x0000000020000280       0xac Drivers/STM32F4Discovery/Src/stm32f411e_discovery.o
 .bss           0x000000002000032c        0x4 Drivers/STM32F4Discovery/Src/stm32f411e_discovery_accelerometer.o
 .bss           0x0000000020000330        0x4 Drivers/STM32F4Discovery/Src/stm32f411e_discovery_gyroscope.o
 *(.bss*)
 .bss.__malloc_free_list
                0x0000000020000334        0x4 /home/anya/Downloads/cube/1/plugins/fr.ac6.mcu.externaltools.arm-none.linux64_1.16.0.201807130628/tools/compiler/bin/../lib/gcc/arm-none-eabi/7.2.1/../../../../arm-none-eabi/lib/thumb/v7e-m/fpv4-sp/hard/libc_nano.a(lib_a-nano-mallocr.o)
                0x0000000020000334                __malloc_free_list
 .bss.__malloc_sbrk_start
                0x0000000020000338        0x4 /home/anya/Downloads/cube/1/plugins/fr.ac6.mcu.externaltools.arm-none.linux64_1.16.0.201807130628/tools/compiler/bin/../lib/gcc/arm-none-eabi/7.2.1/../../../../arm-none-eabi/lib/thumb/v7e-m/fpv4-sp/hard/libc_nano.a(lib_a-nano-mallocr.o)
                0x0000000020000338                __malloc_sbrk_start
 .bss.heap_end.5377
                0x000000002000033c        0x4 /home/anya/Downloads/cube/1/plugins/fr.ac6.mcu.externaltools.arm-none.linux64_1.16.0.201807130628/tools/compiler/bin/../lib/gcc/arm-none-eabi/7.2.1/../../../../arm-none-eabi/lib/thumb/v7e-m/fpv4-sp/hard/libnosys.a(sbrk.o)
 *(COMMON)
 COMMON         0x0000000020000340        0x4 Drivers/STM32F4xx_HAL_Driver/Src/stm32f4xx_hal.o
                0x0000000020000340                uwTick
 COMMON         0x0000000020000344       0x54 Src/i2c.o
                0x0000000020000344                hi2c1
 COMMON         0x0000000020000398      0x224 Src/main.o
                0x0000000020000398                lcd1
 COMMON         0x00000000200005bc       0x58 Src/spi.o
                0x00000000200005bc                hspi2
 COMMON         0x0000000020000614        0x4 /home/anya/Downloads/cube/1/plugins/fr.ac6.mcu.externaltools.arm-none.linux64_1.16.0.201807130628/tools/compiler/bin/../lib/gcc/arm-none-eabi/7.2.1/../../../../arm-none-eabi/lib/thumb/v7e-m/fpv4-sp/hard/libc_nano.a(lib_a-reent.o)
                0x0000000020000614                errno
                0x0000000020000618                . = ALIGN (0x4)
                0x0000000020000618                _ebss = .
                0x0000000020000618                __bss_end__ = _ebss

._user_heap_stack
                0x0000000020000618      0x600 load address 0x0000000008005958
                0x0000000020000618                . = ALIGN (0x8)
                0x0000000020000618                PROVIDE (end, .)
                [!provide]                        PROVIDE (_end, .)
                0x0000000020000818                . = (. + _Min_Heap_Size)
 *fill*         0x0000000020000618      0x200 
                0x0000000020000c18                . = (. + _Min_Stack_Size)
 *fill*         0x0000000020000818      0x400 
                0x0000000020000c18                . = ALIGN (0x8)

/DISCARD/
 libc.a(*)
 libm.a(*)
 libgcc.a(*)

.ARM.attributes
                0x0000000000000000       0x30
 *(.ARM.attributes)
 .ARM.attributes
                0x0000000000000000       0x22 /home/anya/Downloads/cube/1/plugins/fr.ac6.mcu.externaltools.arm-none.linux64_1.16.0.201807130628/tools/compiler/bin/../lib/gcc/arm-none-eabi/7.2.1/thumb/v7e-m/fpv4-sp/hard/crti.o
 .ARM.attributes
                0x0000000000000022       0x34 /home/anya/Downloads/cube/1/plugins/fr.ac6.mcu.externaltools.arm-none.linux64_1.16.0.201807130628/tools/compiler/bin/../lib/gcc/arm-none-eabi/7.2.1/thumb/v7e-m/fpv4-sp/hard/crtbegin.o
 .ARM.attributes
                0x0000000000000056       0x39 Drivers/STM32F4Discovery/Src/l3gd20.o
 .ARM.attributes
                0x000000000000008f       0x39 Drivers/STM32F4Discovery/Src/lsm303dlhc.o
 .ARM.attributes
                0x00000000000000c8       0x39 Drivers/STM32F4Discovery/Src/stm32f411e_discovery.o
 .ARM.attributes
                0x0000000000000101       0x39 Drivers/STM32F4Discovery/Src/stm32f411e_discovery_accelerometer.o
 .ARM.attributes
                0x000000000000013a       0x39 Drivers/STM32F4Discovery/Src/stm32f411e_discovery_gyroscope.o
 .ARM.attributes
                0x0000000000000173       0x39 Drivers/STM32F4xx_HAL_Driver/Src/stm32f4xx_hal.o
 .ARM.attributes
                0x00000000000001ac       0x39 Drivers/STM32F4xx_HAL_Driver/Src/stm32f4xx_hal_cortex.o
 .ARM.attributes
                0x00000000000001e5       0x39 Drivers/STM32F4xx_HAL_Driver/Src/stm32f4xx_hal_gpio.o
 .ARM.attributes
                0x000000000000021e       0x39 Drivers/STM32F4xx_HAL_Driver/Src/stm32f4xx_hal_i2c.o
 .ARM.attributes
                0x0000000000000257       0x39 Drivers/STM32F4xx_HAL_Driver/Src/stm32f4xx_hal_rcc.o
 .ARM.attributes
                0x0000000000000290       0x39 Drivers/STM32F4xx_HAL_Driver/Src/stm32f4xx_hal_spi.o
 .ARM.attributes
                0x00000000000002c9       0x39 Src/gpio.o
 .ARM.attributes
                0x0000000000000302       0x39 Src/i2c.o
 .ARM.attributes
                0x000000000000033b       0x39 Src/lcd5110.o
 .ARM.attributes
                0x0000000000000374       0x39 Src/lcd5110_hal.o
 .ARM.attributes
                0x00000000000003ad       0x39 Src/lcd5110_ll.o
 .ARM.attributes
                0x00000000000003e6       0x39 Src/main.o
 .ARM.attributes
                0x000000000000041f       0x39 Src/spi.o
 .ARM.attributes
                0x0000000000000458       0x39 Src/stm32f4xx_hal_msp.o
 .ARM.attributes
                0x0000000000000491       0x39 Src/stm32f4xx_it.o
 .ARM.attributes
                0x00000000000004ca       0x39 Src/system_stm32f4xx.o
 .ARM.attributes
                0x0000000000000503       0x21 startup/startup_stm32f411xe.o
 .ARM.attributes
                0x0000000000000524       0x34 /home/anya/Downloads/cube/1/plugins/fr.ac6.mcu.externaltools.arm-none.linux64_1.16.0.201807130628/tools/compiler/bin/../lib/gcc/arm-none-eabi/7.2.1/../../../../arm-none-eabi/lib/thumb/v7e-m/fpv4-sp/hard/libm.a(lib_a-w_sqrt.o)
 .ARM.attributes
                0x0000000000000558       0x34 /home/anya/Downloads/cube/1/plugins/fr.ac6.mcu.externaltools.arm-none.linux64_1.16.0.201807130628/tools/compiler/bin/../lib/gcc/arm-none-eabi/7.2.1/../../../../arm-none-eabi/lib/thumb/v7e-m/fpv4-sp/hard/libm.a(lib_a-e_sqrt.o)
 .ARM.attributes
                0x000000000000058c       0x34 /home/anya/Downloads/cube/1/plugins/fr.ac6.mcu.externaltools.arm-none.linux64_1.16.0.201807130628/tools/compiler/bin/../lib/gcc/arm-none-eabi/7.2.1/../../../../arm-none-eabi/lib/thumb/v7e-m/fpv4-sp/hard/libm.a(lib_a-s_lib_ver.o)
 .ARM.attributes
                0x00000000000005c0       0x34 /home/anya/Downloads/cube/1/plugins/fr.ac6.mcu.externaltools.arm-none.linux64_1.16.0.201807130628/tools/compiler/bin/../lib/gcc/arm-none-eabi/7.2.1/../../../../arm-none-eabi/lib/thumb/v7e-m/fpv4-sp/hard/libm.a(lib_a-s_matherr.o)
 .ARM.attributes
                0x00000000000005f4       0x22 /home/anya/Downloads/cube/1/plugins/fr.ac6.mcu.externaltools.arm-none.linux64_1.16.0.201807130628/tools/compiler/bin/../lib/gcc/arm-none-eabi/7.2.1/thumb/v7e-m/fpv4-sp/hard/libgcc.a(_arm_addsubdf3.o)
 .ARM.attributes
                0x0000000000000616       0x22 /home/anya/Downloads/cube/1/plugins/fr.ac6.mcu.externaltools.arm-none.linux64_1.16.0.201807130628/tools/compiler/bin/../lib/gcc/arm-none-eabi/7.2.1/thumb/v7e-m/fpv4-sp/hard/libgcc.a(_arm_muldivdf3.o)
 .ARM.attributes
                0x0000000000000638       0x22 /home/anya/Downloads/cube/1/plugins/fr.ac6.mcu.externaltools.arm-none.linux64_1.16.0.201807130628/tools/compiler/bin/../lib/gcc/arm-none-eabi/7.2.1/thumb/v7e-m/fpv4-sp/hard/libgcc.a(_arm_cmpdf2.o)
 .ARM.attributes
                0x000000000000065a       0x22 /home/anya/Downloads/cube/1/plugins/fr.ac6.mcu.externaltools.arm-none.linux64_1.16.0.201807130628/tools/compiler/bin/../lib/gcc/arm-none-eabi/7.2.1/thumb/v7e-m/fpv4-sp/hard/libgcc.a(_arm_unorddf2.o)
 .ARM.attributes
                0x000000000000067c       0x22 /home/anya/Downloads/cube/1/plugins/fr.ac6.mcu.externaltools.arm-none.linux64_1.16.0.201807130628/tools/compiler/bin/../lib/gcc/arm-none-eabi/7.2.1/thumb/v7e-m/fpv4-sp/hard/libgcc.a(_arm_fixdfsi.o)
 .ARM.attributes
                0x000000000000069e       0x22 /home/anya/Downloads/cube/1/plugins/fr.ac6.mcu.externaltools.arm-none.linux64_1.16.0.201807130628/tools/compiler/bin/../lib/gcc/arm-none-eabi/7.2.1/thumb/v7e-m/fpv4-sp/hard/libgcc.a(_aeabi_uldivmod.o)
 .ARM.attributes
                0x00000000000006c0       0x34 /home/anya/Downloads/cube/1/plugins/fr.ac6.mcu.externaltools.arm-none.linux64_1.16.0.201807130628/tools/compiler/bin/../lib/gcc/arm-none-eabi/7.2.1/thumb/v7e-m/fpv4-sp/hard/libgcc.a(_udivmoddi4.o)
 .ARM.attributes
                0x00000000000006f4       0x22 /home/anya/Downloads/cube/1/plugins/fr.ac6.mcu.externaltools.arm-none.linux64_1.16.0.201807130628/tools/compiler/bin/../lib/gcc/arm-none-eabi/7.2.1/thumb/v7e-m/fpv4-sp/hard/libgcc.a(_dvmd_tls.o)
 .ARM.attributes
                0x0000000000000716       0x34 /home/anya/Downloads/cube/1/plugins/fr.ac6.mcu.externaltools.arm-none.linux64_1.16.0.201807130628/tools/compiler/bin/../lib/gcc/arm-none-eabi/7.2.1/../../../../arm-none-eabi/lib/thumb/v7e-m/fpv4-sp/hard/libc_nano.a(lib_a-errno.o)
 .ARM.attributes
                0x000000000000074a       0x34 /home/anya/Downloads/cube/1/plugins/fr.ac6.mcu.externaltools.arm-none.linux64_1.16.0.201807130628/tools/compiler/bin/../lib/gcc/arm-none-eabi/7.2.1/../../../../arm-none-eabi/lib/thumb/v7e-m/fpv4-sp/hard/libc_nano.a(lib_a-impure.o)
 .ARM.attributes
                0x000000000000077e       0x34 /home/anya/Downloads/cube/1/plugins/fr.ac6.mcu.externaltools.arm-none.linux64_1.16.0.201807130628/tools/compiler/bin/../lib/gcc/arm-none-eabi/7.2.1/../../../../arm-none-eabi/lib/thumb/v7e-m/fpv4-sp/hard/libc_nano.a(lib_a-init.o)
 .ARM.attributes
                0x00000000000007b2       0x34 /home/anya/Downloads/cube/1/plugins/fr.ac6.mcu.externaltools.arm-none.linux64_1.16.0.201807130628/tools/compiler/bin/../lib/gcc/arm-none-eabi/7.2.1/../../../../arm-none-eabi/lib/thumb/v7e-m/fpv4-sp/hard/libc_nano.a(lib_a-locale.o)
 .ARM.attributes
                0x00000000000007e6       0x34 /home/anya/Downloads/cube/1/plugins/fr.ac6.mcu.externaltools.arm-none.linux64_1.16.0.201807130628/tools/compiler/bin/../lib/gcc/arm-none-eabi/7.2.1/../../../../arm-none-eabi/lib/thumb/v7e-m/fpv4-sp/hard/libc_nano.a(lib_a-mbtowc_r.o)
 .ARM.attributes
                0x000000000000081a       0x34 /home/anya/Downloads/cube/1/plugins/fr.ac6.mcu.externaltools.arm-none.linux64_1.16.0.201807130628/tools/compiler/bin/../lib/gcc/arm-none-eabi/7.2.1/../../../../arm-none-eabi/lib/thumb/v7e-m/fpv4-sp/hard/libc_nano.a(lib_a-vsnprintf.o)
 .ARM.attributes
                0x000000000000084e       0x34 /home/anya/Downloads/cube/1/plugins/fr.ac6.mcu.externaltools.arm-none.linux64_1.16.0.201807130628/tools/compiler/bin/../lib/gcc/arm-none-eabi/7.2.1/../../../../arm-none-eabi/lib/thumb/v7e-m/fpv4-sp/hard/libc_nano.a(lib_a-wctomb_r.o)
 .ARM.attributes
                0x0000000000000882       0x34 /home/anya/Downloads/cube/1/plugins/fr.ac6.mcu.externaltools.arm-none.linux64_1.16.0.201807130628/tools/compiler/bin/../lib/gcc/arm-none-eabi/7.2.1/../../../../arm-none-eabi/lib/thumb/v7e-m/fpv4-sp/hard/libc_nano.a(lib_a-ctype_.o)
 .ARM.attributes
                0x00000000000008b6       0x34 /home/anya/Downloads/cube/1/plugins/fr.ac6.mcu.externaltools.arm-none.linux64_1.16.0.201807130628/tools/compiler/bin/../lib/gcc/arm-none-eabi/7.2.1/../../../../arm-none-eabi/lib/thumb/v7e-m/fpv4-sp/hard/libc_nano.a(lib_a-nano-svfprintf.o)
 .ARM.attributes
                0x00000000000008ea       0x34 /home/anya/Downloads/cube/1/plugins/fr.ac6.mcu.externaltools.arm-none.linux64_1.16.0.201807130628/tools/compiler/bin/../lib/gcc/arm-none-eabi/7.2.1/../../../../arm-none-eabi/lib/thumb/v7e-m/fpv4-sp/hard/libc_nano.a(lib_a-nano-vfprintf_i.o)
 .ARM.attributes
                0x000000000000091e       0x20 /home/anya/Downloads/cube/1/plugins/fr.ac6.mcu.externaltools.arm-none.linux64_1.16.0.201807130628/tools/compiler/bin/../lib/gcc/arm-none-eabi/7.2.1/../../../../arm-none-eabi/lib/thumb/v7e-m/fpv4-sp/hard/libc_nano.a(lib_a-memchr.o)
 .ARM.attributes
                0x000000000000093e       0x34 /home/anya/Downloads/cube/1/plugins/fr.ac6.mcu.externaltools.arm-none.linux64_1.16.0.201807130628/tools/compiler/bin/../lib/gcc/arm-none-eabi/7.2.1/../../../../arm-none-eabi/lib/thumb/v7e-m/fpv4-sp/hard/libc_nano.a(lib_a-memcpy-stub.o)
 .ARM.attributes
                0x0000000000000972       0x34 /home/anya/Downloads/cube/1/plugins/fr.ac6.mcu.externaltools.arm-none.linux64_1.16.0.201807130628/tools/compiler/bin/../lib/gcc/arm-none-eabi/7.2.1/../../../../arm-none-eabi/lib/thumb/v7e-m/fpv4-sp/hard/libc_nano.a(lib_a-memmove.o)
 .ARM.attributes
                0x00000000000009a6       0x34 /home/anya/Downloads/cube/1/plugins/fr.ac6.mcu.externaltools.arm-none.linux64_1.16.0.201807130628/tools/compiler/bin/../lib/gcc/arm-none-eabi/7.2.1/../../../../arm-none-eabi/lib/thumb/v7e-m/fpv4-sp/hard/libc_nano.a(lib_a-nano-freer.o)
 .ARM.attributes
                0x00000000000009da       0x34 /home/anya/Downloads/cube/1/plugins/fr.ac6.mcu.externaltools.arm-none.linux64_1.16.0.201807130628/tools/compiler/bin/../lib/gcc/arm-none-eabi/7.2.1/../../../../arm-none-eabi/lib/thumb/v7e-m/fpv4-sp/hard/libc_nano.a(lib_a-nano-mallocr.o)
 .ARM.attributes
                0x0000000000000a0e       0x34 /home/anya/Downloads/cube/1/plugins/fr.ac6.mcu.externaltools.arm-none.linux64_1.16.0.201807130628/tools/compiler/bin/../lib/gcc/arm-none-eabi/7.2.1/../../../../arm-none-eabi/lib/thumb/v7e-m/fpv4-sp/hard/libc_nano.a(lib_a-nano-reallocr.o)
 .ARM.attributes
                0x0000000000000a42       0x34 /home/anya/Downloads/cube/1/plugins/fr.ac6.mcu.externaltools.arm-none.linux64_1.16.0.201807130628/tools/compiler/bin/../lib/gcc/arm-none-eabi/7.2.1/../../../../arm-none-eabi/lib/thumb/v7e-m/fpv4-sp/hard/libc_nano.a(lib_a-sbrkr.o)
 .ARM.attributes
                0x0000000000000a76       0x34 /home/anya/Downloads/cube/1/plugins/fr.ac6.mcu.externaltools.arm-none.linux64_1.16.0.201807130628/tools/compiler/bin/../lib/gcc/arm-none-eabi/7.2.1/../../../../arm-none-eabi/lib/thumb/v7e-m/fpv4-sp/hard/libc_nano.a(lib_a-mlock.o)
 .ARM.attributes
                0x0000000000000aaa       0x34 /home/anya/Downloads/cube/1/plugins/fr.ac6.mcu.externaltools.arm-none.linux64_1.16.0.201807130628/tools/compiler/bin/../lib/gcc/arm-none-eabi/7.2.1/../../../../arm-none-eabi/lib/thumb/v7e-m/fpv4-sp/hard/libc_nano.a(lib_a-nano-msizer.o)
 .ARM.attributes
                0x0000000000000ade       0x34 /home/anya/Downloads/cube/1/plugins/fr.ac6.mcu.externaltools.arm-none.linux64_1.16.0.201807130628/tools/compiler/bin/../lib/gcc/arm-none-eabi/7.2.1/../../../../arm-none-eabi/lib/thumb/v7e-m/fpv4-sp/hard/libc_nano.a(lib_a-reent.o)
 .ARM.attributes
                0x0000000000000b12       0x34 /home/anya/Downloads/cube/1/plugins/fr.ac6.mcu.externaltools.arm-none.linux64_1.16.0.201807130628/tools/compiler/bin/../lib/gcc/arm-none-eabi/7.2.1/../../../../arm-none-eabi/lib/thumb/v7e-m/fpv4-sp/hard/libnosys.a(sbrk.o)
 .ARM.attributes
                0x0000000000000b46       0x22 /home/anya/Downloads/cube/1/plugins/fr.ac6.mcu.externaltools.arm-none.linux64_1.16.0.201807130628/tools/compiler/bin/../lib/gcc/arm-none-eabi/7.2.1/thumb/v7e-m/fpv4-sp/hard/crtn.o
OUTPUT(pedro.elf elf32-littlearm)

.debug_info     0x0000000000000000    0x1c2a4
 .debug_info    0x0000000000000000      0x726 Drivers/STM32F4Discovery/Src/l3gd20.o
 .debug_info    0x0000000000000726      0xb0d Drivers/STM32F4Discovery/Src/lsm303dlhc.o
 .debug_info    0x0000000000001233     0x22e1 Drivers/STM32F4Discovery/Src/stm32f411e_discovery.o
 .debug_info    0x0000000000003514      0xc4d Drivers/STM32F4Discovery/Src/stm32f411e_discovery_accelerometer.o
 .debug_info    0x0000000000004161      0xcf0 Drivers/STM32F4Discovery/Src/stm32f411e_discovery_gyroscope.o
 .debug_info    0x0000000000004e51     0x1193 Drivers/STM32F4xx_HAL_Driver/Src/stm32f4xx_hal.o
 .debug_info    0x0000000000005fe4     0x195a Drivers/STM32F4xx_HAL_Driver/Src/stm32f4xx_hal_cortex.o
 .debug_info    0x000000000000793e     0x1127 Drivers/STM32F4xx_HAL_Driver/Src/stm32f4xx_hal_gpio.o
 .debug_info    0x0000000000008a65     0x393b Drivers/STM32F4xx_HAL_Driver/Src/stm32f4xx_hal_i2c.o
 .debug_info    0x000000000000c3a0     0x1523 Drivers/STM32F4xx_HAL_Driver/Src/stm32f4xx_hal_rcc.o
 .debug_info    0x000000000000d8c3     0x2403 Drivers/STM32F4xx_HAL_Driver/Src/stm32f4xx_hal_spi.o
 .debug_info    0x000000000000fcc6      0xcdf Src/gpio.o
 .debug_info    0x00000000000109a5     0x1255 Src/i2c.o
 .debug_info    0x0000000000011bfa     0x2140 Src/lcd5110.o
 .debug_info    0x0000000000013d3a     0x138a Src/lcd5110_hal.o
 .debug_info    0x00000000000150c4     0x1a23 Src/lcd5110_ll.o
 .debug_info    0x0000000000016ae7     0x2026 Src/main.o
 .debug_info    0x0000000000018b0d     0x1220 Src/spi.o
 .debug_info    0x0000000000019d2d      0xdff Src/stm32f4xx_hal_msp.o
 .debug_info    0x000000000001ab2c      0xa03 Src/stm32f4xx_it.o
 .debug_info    0x000000000001b52f      0xd53 Src/system_stm32f4xx.o
 .debug_info    0x000000000001c282       0x22 startup/startup_stm32f411xe.o

.debug_abbrev   0x0000000000000000     0x39e4
 .debug_abbrev  0x0000000000000000      0x1e7 Drivers/STM32F4Discovery/Src/l3gd20.o
 .debug_abbrev  0x00000000000001e7      0x1bc Drivers/STM32F4Discovery/Src/lsm303dlhc.o
 .debug_abbrev  0x00000000000003a3      0x355 Drivers/STM32F4Discovery/Src/stm32f411e_discovery.o
 .debug_abbrev  0x00000000000006f8      0x271 Drivers/STM32F4Discovery/Src/stm32f411e_discovery_accelerometer.o
 .debug_abbrev  0x0000000000000969      0x2a7 Drivers/STM32F4Discovery/Src/stm32f411e_discovery_gyroscope.o
 .debug_abbrev  0x0000000000000c10      0x2e5 Drivers/STM32F4xx_HAL_Driver/Src/stm32f4xx_hal.o
 .debug_abbrev  0x0000000000000ef5      0x3f1 Drivers/STM32F4xx_HAL_Driver/Src/stm32f4xx_hal_cortex.o
 .debug_abbrev  0x00000000000012e6      0x2de Drivers/STM32F4xx_HAL_Driver/Src/stm32f4xx_hal_gpio.o
 .debug_abbrev  0x00000000000015c4      0x2fb Drivers/STM32F4xx_HAL_Driver/Src/stm32f4xx_hal_i2c.o
 .debug_abbrev  0x00000000000018bf      0x344 Drivers/STM32F4xx_HAL_Driver/Src/stm32f4xx_hal_rcc.o
 .debug_abbrev  0x0000000000001c03      0x2f2 Drivers/STM32F4xx_HAL_Driver/Src/stm32f4xx_hal_spi.o
 .debug_abbrev  0x0000000000001ef5      0x22b Src/gpio.o
 .debug_abbrev  0x0000000000002120      0x258 Src/i2c.o
 .debug_abbrev  0x0000000000002378      0x474 Src/lcd5110.o
 .debug_abbrev  0x00000000000027ec      0x2a1 Src/lcd5110_hal.o
 .debug_abbrev  0x0000000000002a8d      0x372 Src/lcd5110_ll.o
 .debug_abbrev  0x0000000000002dff      0x34a Src/main.o
 .debug_abbrev  0x0000000000003149      0x258 Src/spi.o
 .debug_abbrev  0x00000000000033a1      0x234 Src/stm32f4xx_hal_msp.o
 .debug_abbrev  0x00000000000035d5      0x1f8 Src/stm32f4xx_it.o
 .debug_abbrev  0x00000000000037cd      0x205 Src/system_stm32f4xx.o
 .debug_abbrev  0x00000000000039d2       0x12 startup/startup_stm32f411xe.o

.debug_loc      0x0000000000000000     0x8307
 .debug_loc     0x0000000000000000      0x1c4 Drivers/STM32F4Discovery/Src/l3gd20.o
 .debug_loc     0x00000000000001c4      0x5f3 Drivers/STM32F4Discovery/Src/lsm303dlhc.o
 .debug_loc     0x00000000000007b7      0x513 Drivers/STM32F4Discovery/Src/stm32f411e_discovery.o
 .debug_loc     0x0000000000000cca       0xe0 Drivers/STM32F4Discovery/Src/stm32f411e_discovery_accelerometer.o
 .debug_loc     0x0000000000000daa      0x148 Drivers/STM32F4Discovery/Src/stm32f411e_discovery_gyroscope.o
 .debug_loc     0x0000000000000ef2       0xee Drivers/STM32F4xx_HAL_Driver/Src/stm32f4xx_hal.o
 .debug_loc     0x0000000000000fe0      0x75c Drivers/STM32F4xx_HAL_Driver/Src/stm32f4xx_hal_cortex.o
 .debug_loc     0x000000000000173c      0x58e Drivers/STM32F4xx_HAL_Driver/Src/stm32f4xx_hal_gpio.o
 .debug_loc     0x0000000000001cca     0x2d72 Drivers/STM32F4xx_HAL_Driver/Src/stm32f4xx_hal_i2c.o
 .debug_loc     0x0000000000004a3c      0x3f9 Drivers/STM32F4xx_HAL_Driver/Src/stm32f4xx_hal_rcc.o
 .debug_loc     0x0000000000004e35     0x16e0 Drivers/STM32F4xx_HAL_Driver/Src/stm32f4xx_hal_spi.o
 .debug_loc     0x0000000000006515       0x5b Src/i2c.o
 .debug_loc     0x0000000000006570      0xdd2 Src/lcd5110.o
 .debug_loc     0x0000000000007342      0x4cd Src/lcd5110_hal.o
 .debug_loc     0x000000000000780f      0x6a2 Src/lcd5110_ll.o
 .debug_loc     0x0000000000007eb1      0x2bd Src/main.o
 .debug_loc     0x000000000000816e       0x5b Src/spi.o
 .debug_loc     0x00000000000081c9      0x13e Src/system_stm32f4xx.o

.debug_aranges  0x0000000000000000      0xc50
 .debug_aranges
                0x0000000000000000       0x78 Drivers/STM32F4Discovery/Src/l3gd20.o
 .debug_aranges
                0x0000000000000078       0xb0 Drivers/STM32F4Discovery/Src/lsm303dlhc.o
 .debug_aranges
                0x0000000000000128       0xf0 Drivers/STM32F4Discovery/Src/stm32f411e_discovery.o
 .debug_aranges
                0x0000000000000218       0x38 Drivers/STM32F4Discovery/Src/stm32f411e_discovery_accelerometer.o
 .debug_aranges
                0x0000000000000250       0x50 Drivers/STM32F4Discovery/Src/stm32f411e_discovery_gyroscope.o
 .debug_aranges
                0x00000000000002a0       0xe0 Drivers/STM32F4xx_HAL_Driver/Src/stm32f4xx_hal.o
 .debug_aranges
                0x0000000000000380       0xa8 Drivers/STM32F4xx_HAL_Driver/Src/stm32f4xx_hal_cortex.o
 .debug_aranges
                0x0000000000000428       0x58 Drivers/STM32F4xx_HAL_Driver/Src/stm32f4xx_hal_gpio.o
 .debug_aranges
                0x0000000000000480      0x268 Drivers/STM32F4xx_HAL_Driver/Src/stm32f4xx_hal_i2c.o
 .debug_aranges
                0x00000000000006e8       0x88 Drivers/STM32F4xx_HAL_Driver/Src/stm32f4xx_hal_rcc.o
 .debug_aranges
                0x0000000000000770      0x1c8 Drivers/STM32F4xx_HAL_Driver/Src/stm32f4xx_hal_spi.o
 .debug_aranges
                0x0000000000000938       0x20 Src/gpio.o
 .debug_aranges
                0x0000000000000958       0x30 Src/i2c.o
 .debug_aranges
                0x0000000000000988       0xc8 Src/lcd5110.o
 .debug_aranges
                0x0000000000000a50       0x58 Src/lcd5110_hal.o
 .debug_aranges
                0x0000000000000aa8       0x68 Src/lcd5110_ll.o
 .debug_aranges
                0x0000000000000b10       0x40 Src/main.o
 .debug_aranges
                0x0000000000000b50       0x30 Src/spi.o
 .debug_aranges
                0x0000000000000b80       0x20 Src/stm32f4xx_hal_msp.o
 .debug_aranges
                0x0000000000000ba0       0x60 Src/stm32f4xx_it.o
 .debug_aranges
                0x0000000000000c00       0x28 Src/system_stm32f4xx.o
 .debug_aranges
                0x0000000000000c28       0x28 startup/startup_stm32f411xe.o

.debug_ranges   0x0000000000000000      0xc18
 .debug_ranges  0x0000000000000000       0x68 Drivers/STM32F4Discovery/Src/l3gd20.o
 .debug_ranges  0x0000000000000068       0xa0 Drivers/STM32F4Discovery/Src/lsm303dlhc.o
 .debug_ranges  0x0000000000000108       0xe0 Drivers/STM32F4Discovery/Src/stm32f411e_discovery.o
 .debug_ranges  0x00000000000001e8       0x28 Drivers/STM32F4Discovery/Src/stm32f411e_discovery_accelerometer.o
 .debug_ranges  0x0000000000000210       0x40 Drivers/STM32F4Discovery/Src/stm32f411e_discovery_gyroscope.o
 .debug_ranges  0x0000000000000250       0xd0 Drivers/STM32F4xx_HAL_Driver/Src/stm32f4xx_hal.o
 .debug_ranges  0x0000000000000320       0xf8 Drivers/STM32F4xx_HAL_Driver/Src/stm32f4xx_hal_cortex.o
 .debug_ranges  0x0000000000000418       0x48 Drivers/STM32F4xx_HAL_Driver/Src/stm32f4xx_hal_gpio.o
 .debug_ranges  0x0000000000000460      0x258 Drivers/STM32F4xx_HAL_Driver/Src/stm32f4xx_hal_i2c.o
 .debug_ranges  0x00000000000006b8       0x90 Drivers/STM32F4xx_HAL_Driver/Src/stm32f4xx_hal_rcc.o
 .debug_ranges  0x0000000000000748      0x1b8 Drivers/STM32F4xx_HAL_Driver/Src/stm32f4xx_hal_spi.o
 .debug_ranges  0x0000000000000900       0x10 Src/gpio.o
 .debug_ranges  0x0000000000000910       0x20 Src/i2c.o
 .debug_ranges  0x0000000000000930      0x118 Src/lcd5110.o
 .debug_ranges  0x0000000000000a48       0x90 Src/lcd5110_hal.o
 .debug_ranges  0x0000000000000ad8       0x58 Src/lcd5110_ll.o
 .debug_ranges  0x0000000000000b30       0x30 Src/main.o
 .debug_ranges  0x0000000000000b60       0x20 Src/spi.o
 .debug_ranges  0x0000000000000b80       0x10 Src/stm32f4xx_hal_msp.o
 .debug_ranges  0x0000000000000b90       0x50 Src/stm32f4xx_it.o
 .debug_ranges  0x0000000000000be0       0x18 Src/system_stm32f4xx.o
 .debug_ranges  0x0000000000000bf8       0x20 startup/startup_stm32f411xe.o

.debug_macro    0x0000000000000000    0x189b2
 .debug_macro   0x0000000000000000       0x7c Drivers/STM32F4Discovery/Src/l3gd20.o
 .debug_macro   0x000000000000007c      0xa60 Drivers/STM32F4Discovery/Src/l3gd20.o
 .debug_macro   0x0000000000000adc       0x22 Drivers/STM32F4Discovery/Src/l3gd20.o
 .debug_macro   0x0000000000000afe       0x87 Drivers/STM32F4Discovery/Src/l3gd20.o
 .debug_macro   0x0000000000000b85       0x51 Drivers/STM32F4Discovery/Src/l3gd20.o
 .debug_macro   0x0000000000000bd6       0xef Drivers/STM32F4Discovery/Src/l3gd20.o
 .debug_macro   0x0000000000000cc5       0x6a Drivers/STM32F4Discovery/Src/l3gd20.o
 .debug_macro   0x0000000000000d2f      0x1df Drivers/STM32F4Discovery/Src/l3gd20.o
 .debug_macro   0x0000000000000f0e      0x211 Drivers/STM32F4Discovery/Src/l3gd20.o
 .debug_macro   0x000000000000111f       0x7c Drivers/STM32F4Discovery/Src/lsm303dlhc.o
 .debug_macro   0x000000000000119b      0x452 Drivers/STM32F4Discovery/Src/lsm303dlhc.o
 .debug_macro   0x00000000000015ed      0x358 Drivers/STM32F4Discovery/Src/stm32f411e_discovery.o
 .debug_macro   0x0000000000001945       0x4c Drivers/STM32F4Discovery/Src/stm32f411e_discovery.o
 .debug_macro   0x0000000000001991      0x187 Drivers/STM32F4Discovery/Src/stm32f411e_discovery.o
 .debug_macro   0x0000000000001b18       0x32 Drivers/STM32F4Discovery/Src/stm32f411e_discovery.o
 .debug_macro   0x0000000000001b4a       0x28 Drivers/STM32F4Discovery/Src/stm32f411e_discovery.o
 .debug_macro   0x0000000000001b72       0x35 Drivers/STM32F4Discovery/Src/stm32f411e_discovery.o
 .debug_macro   0x0000000000001ba7       0x50 Drivers/STM32F4Discovery/Src/stm32f411e_discovery.o
 .debug_macro   0x0000000000001bf7      0xe66 Drivers/STM32F4Discovery/Src/stm32f411e_discovery.o
 .debug_macro   0x0000000000002a5d     0xb803 Drivers/STM32F4Discovery/Src/stm32f411e_discovery.o
 .debug_macro   0x000000000000e260       0x43 Drivers/STM32F4Discovery/Src/stm32f411e_discovery.o
 .debug_macro   0x000000000000e2a3     0x3535 Drivers/STM32F4Discovery/Src/stm32f411e_discovery.o
 .debug_macro   0x00000000000117d8       0x58 Drivers/STM32F4Discovery/Src/stm32f411e_discovery.o
 .debug_macro   0x0000000000011830       0x17 Drivers/STM32F4Discovery/Src/stm32f411e_discovery.o
 .debug_macro   0x0000000000011847       0x35 Drivers/STM32F4Discovery/Src/stm32f411e_discovery.o
 .debug_macro   0x000000000001187c       0x9c Drivers/STM32F4Discovery/Src/stm32f411e_discovery.o
 .debug_macro   0x0000000000011918       0x16 Drivers/STM32F4Discovery/Src/stm32f411e_discovery.o
 .debug_macro   0x000000000001192e       0x97 Drivers/STM32F4Discovery/Src/stm32f411e_discovery.o
 .debug_macro   0x00000000000119c5      0x330 Drivers/STM32F4Discovery/Src/stm32f411e_discovery.o
 .debug_macro   0x0000000000011cf5       0xfd Drivers/STM32F4Discovery/Src/stm32f411e_discovery.o
 .debug_macro   0x0000000000011df2       0x10 Drivers/STM32F4Discovery/Src/stm32f411e_discovery.o
 .debug_macro   0x0000000000011e02       0x58 Drivers/STM32F4Discovery/Src/stm32f411e_discovery.o
 .debug_macro   0x0000000000011e5a       0x1f Drivers/STM32F4Discovery/Src/stm32f411e_discovery.o
 .debug_macro   0x0000000000011e79       0x43 Drivers/STM32F4Discovery/Src/stm32f411e_discovery.o
 .debug_macro   0x0000000000011ebc       0x20 Drivers/STM32F4Discovery/Src/stm32f411e_discovery.o
 .debug_macro   0x0000000000011edc      0x18e Drivers/STM32F4Discovery/Src/stm32f411e_discovery.o
 .debug_macro   0x000000000001206a       0x10 Drivers/STM32F4Discovery/Src/stm32f411e_discovery.o
 .debug_macro   0x000000000001207a       0x1c Drivers/STM32F4Discovery/Src/stm32f411e_discovery.o
 .debug_macro   0x0000000000012096       0x52 Drivers/STM32F4Discovery/Src/stm32f411e_discovery.o
 .debug_macro   0x00000000000120e8       0x40 Drivers/STM32F4Discovery/Src/stm32f411e_discovery.o
 .debug_macro   0x0000000000012128       0x10 Drivers/STM32F4Discovery/Src/stm32f411e_discovery.o
 .debug_macro   0x0000000000012138       0x40 Drivers/STM32F4Discovery/Src/stm32f411e_discovery.o
 .debug_macro   0x0000000000012178       0xd7 Drivers/STM32F4Discovery/Src/stm32f411e_discovery.o
 .debug_macro   0x000000000001224f       0x1c Drivers/STM32F4Discovery/Src/stm32f411e_discovery.o
 .debug_macro   0x000000000001226b       0x3d Drivers/STM32F4Discovery/Src/stm32f411e_discovery.o
 .debug_macro   0x00000000000122a8       0x16 Drivers/STM32F4Discovery/Src/stm32f411e_discovery.o
 .debug_macro   0x00000000000122be      0x16f Drivers/STM32F4Discovery/Src/stm32f411e_discovery.o
 .debug_macro   0x000000000001242d       0x50 Drivers/STM32F4Discovery/Src/stm32f411e_discovery.o
 .debug_macro   0x000000000001247d      0x447 Drivers/STM32F4Discovery/Src/stm32f411e_discovery.o
 .debug_macro   0x00000000000128c4      0xa02 Drivers/STM32F4Discovery/Src/stm32f411e_discovery.o
 .debug_macro   0x00000000000132c6      0x11e Drivers/STM32F4Discovery/Src/stm32f411e_discovery.o
 .debug_macro   0x00000000000133e4      0x11b Drivers/STM32F4Discovery/Src/stm32f411e_discovery.o
 .debug_macro   0x00000000000134ff       0x27 Drivers/STM32F4Discovery/Src/stm32f411e_discovery.o
 .debug_macro   0x0000000000013526      0x287 Drivers/STM32F4Discovery/Src/stm32f411e_discovery.o
 .debug_macro   0x00000000000137ad       0x5f Drivers/STM32F4Discovery/Src/stm32f411e_discovery.o
 .debug_macro   0x000000000001380c      0x23a Drivers/STM32F4Discovery/Src/stm32f411e_discovery.o
 .debug_macro   0x0000000000013a46      0x13a Drivers/STM32F4Discovery/Src/stm32f411e_discovery.o
 .debug_macro   0x0000000000013b80      0x264 Drivers/STM32F4Discovery/Src/stm32f411e_discovery.o
 .debug_macro   0x0000000000013de4       0x2e Drivers/STM32F4Discovery/Src/stm32f411e_discovery.o
 .debug_macro   0x0000000000013e12      0x1a7 Drivers/STM32F4Discovery/Src/stm32f411e_discovery.o
 .debug_macro   0x0000000000013fb9       0x22 Drivers/STM32F4Discovery/Src/stm32f411e_discovery.o
 .debug_macro   0x0000000000013fdb       0xa5 Drivers/STM32F4Discovery/Src/stm32f411e_discovery.o
 .debug_macro   0x0000000000014080      0x11e Drivers/STM32F4Discovery/Src/stm32f411e_discovery.o
 .debug_macro   0x000000000001419e       0x85 Drivers/STM32F4Discovery/Src/stm32f411e_discovery.o
 .debug_macro   0x0000000000014223       0x89 Drivers/STM32F4Discovery/Src/stm32f411e_discovery.o
 .debug_macro   0x00000000000142ac      0x202 Drivers/STM32F4Discovery/Src/stm32f411e_discovery.o
 .debug_macro   0x00000000000144ae      0x12d Drivers/STM32F4Discovery/Src/stm32f411e_discovery.o
 .debug_macro   0x00000000000145db      0x24b Drivers/STM32F4Discovery/Src/stm32f411e_discovery.o
 .debug_macro   0x0000000000014826      0x35d Drivers/STM32F4Discovery/Src/stm32f411e_discovery_accelerometer.o
 .debug_macro   0x0000000000014b83      0x35d Drivers/STM32F4Discovery/Src/stm32f411e_discovery_gyroscope.o
 .debug_macro   0x0000000000014ee0      0x38b Drivers/STM32F4xx_HAL_Driver/Src/stm32f4xx_hal.o
 .debug_macro   0x000000000001526b      0x32b Drivers/STM32F4xx_HAL_Driver/Src/stm32f4xx_hal_cortex.o
 .debug_macro   0x0000000000015596      0x363 Drivers/STM32F4xx_HAL_Driver/Src/stm32f4xx_hal_gpio.o
 .debug_macro   0x00000000000158f9      0x36b Drivers/STM32F4xx_HAL_Driver/Src/stm32f4xx_hal_i2c.o
 .debug_macro   0x0000000000015c64      0x34f Drivers/STM32F4xx_HAL_Driver/Src/stm32f4xx_hal_rcc.o
 .debug_macro   0x0000000000015fb3      0x333 Drivers/STM32F4xx_HAL_Driver/Src/stm32f4xx_hal_spi.o
 .debug_macro   0x00000000000162e6      0x335 Src/gpio.o
 .debug_macro   0x000000000001661b      0x33f Src/i2c.o
 .debug_macro   0x000000000001695a      0x3d1 Src/lcd5110.o
 .debug_macro   0x0000000000016d2b       0x22 Src/lcd5110.o
 .debug_macro   0x0000000000016d4d       0x3b Src/lcd5110.o
 .debug_macro   0x0000000000016d88       0x28 Src/lcd5110.o
 .debug_macro   0x0000000000016db0       0x2b Src/lcd5110.o
 .debug_macro   0x0000000000016ddb      0x118 Src/lcd5110.o
 .debug_macro   0x0000000000016ef3      0x1e1 Src/lcd5110.o
 .debug_macro   0x00000000000170d4      0x10b Src/lcd5110.o
 .debug_macro   0x00000000000171df       0x4c Src/lcd5110.o
 .debug_macro   0x000000000001722b      0x361 Src/lcd5110_hal.o
 .debug_macro   0x000000000001758c      0x3bc Src/lcd5110_ll.o
 .debug_macro   0x0000000000017948      0x395 Src/main.o
 .debug_macro   0x0000000000017cdd      0x33f Src/spi.o
 .debug_macro   0x000000000001801c      0x32b Src/stm32f4xx_hal_msp.o
 .debug_macro   0x0000000000018347      0x335 Src/stm32f4xx_it.o
 .debug_macro   0x000000000001867c      0x336 Src/system_stm32f4xx.o

.debug_line     0x0000000000000000     0xdc78
 .debug_line    0x0000000000000000      0x4ff Drivers/STM32F4Discovery/Src/l3gd20.o
 .debug_line    0x00000000000004ff      0x589 Drivers/STM32F4Discovery/Src/lsm303dlhc.o
 .debug_line    0x0000000000000a88      0xb2e Drivers/STM32F4Discovery/Src/stm32f411e_discovery.o
 .debug_line    0x00000000000015b6      0x992 Drivers/STM32F4Discovery/Src/stm32f411e_discovery_accelerometer.o
 .debug_line    0x0000000000001f48      0x9c0 Drivers/STM32F4Discovery/Src/stm32f411e_discovery_gyroscope.o
 .debug_line    0x0000000000002908      0xa0c Drivers/STM32F4xx_HAL_Driver/Src/stm32f4xx_hal.o
 .debug_line    0x0000000000003314      0xaeb Drivers/STM32F4xx_HAL_Driver/Src/stm32f4xx_hal_cortex.o
 .debug_line    0x0000000000003dff      0xa88 Drivers/STM32F4xx_HAL_Driver/Src/stm32f4xx_hal_gpio.o
 .debug_line    0x0000000000004887     0x1ab5 Drivers/STM32F4xx_HAL_Driver/Src/stm32f4xx_hal_i2c.o
 .debug_line    0x000000000000633c      0xbd9 Drivers/STM32F4xx_HAL_Driver/Src/stm32f4xx_hal_rcc.o
 .debug_line    0x0000000000006f15     0x1315 Drivers/STM32F4xx_HAL_Driver/Src/stm32f4xx_hal_spi.o
 .debug_line    0x000000000000822a      0x812 Src/gpio.o
 .debug_line    0x0000000000008a3c      0x853 Src/i2c.o
 .debug_line    0x000000000000928f      0xbf5 Src/lcd5110.o
 .debug_line    0x0000000000009e84      0x994 Src/lcd5110_hal.o
 .debug_line    0x000000000000a818      0x96f Src/lcd5110_ll.o
 .debug_line    0x000000000000b187      0x924 Src/main.o
 .debug_line    0x000000000000baab      0x856 Src/spi.o
 .debug_line    0x000000000000c301      0x817 Src/stm32f4xx_hal_msp.o
 .debug_line    0x000000000000cb18      0x8a0 Src/stm32f4xx_it.o
 .debug_line    0x000000000000d3b8      0x841 Src/system_stm32f4xx.o
 .debug_line    0x000000000000dbf9       0x7f startup/startup_stm32f411xe.o

.debug_str      0x0000000000000000    0x87b3d
 .debug_str     0x0000000000000000     0x46d5 Drivers/STM32F4Discovery/Src/l3gd20.o
                                       0x48b4 (size before relaxing)
 .debug_str     0x00000000000046d5     0x1a5b Drivers/STM32F4Discovery/Src/lsm303dlhc.o
                                       0x5751 (size before relaxing)
 .debug_str     0x0000000000006130    0x7d74a Drivers/STM32F4Discovery/Src/stm32f411e_discovery.o
                                      0x81667 (size before relaxing)
 .debug_str     0x000000000008387a      0x280 Drivers/STM32F4Discovery/Src/stm32f411e_discovery_accelerometer.o
                                      0x81f0a (size before relaxing)
 .debug_str     0x0000000000083afa      0x1d7 Drivers/STM32F4Discovery/Src/stm32f411e_discovery_gyroscope.o
                                      0x811ec (size before relaxing)
 .debug_str     0x0000000000083cd1      0x613 Drivers/STM32F4xx_HAL_Driver/Src/stm32f4xx_hal.o
                                      0x800c5 (size before relaxing)
 .debug_str     0x00000000000842e4      0x391 Drivers/STM32F4xx_HAL_Driver/Src/stm32f4xx_hal_cortex.o
                                      0x7fe09 (size before relaxing)
 .debug_str     0x0000000000084675      0x1c8 Drivers/STM32F4xx_HAL_Driver/Src/stm32f4xx_hal_gpio.o
                                      0x7f8f2 (size before relaxing)
 .debug_str     0x000000000008483d      0xa4f Drivers/STM32F4xx_HAL_Driver/Src/stm32f4xx_hal_i2c.o
                                      0x804eb (size before relaxing)
 .debug_str     0x000000000008528c      0x354 Drivers/STM32F4xx_HAL_Driver/Src/stm32f4xx_hal_rcc.o
                                      0x7fabc (size before relaxing)
 .debug_str     0x00000000000855e0      0x4c4 Drivers/STM32F4xx_HAL_Driver/Src/stm32f4xx_hal_spi.o
                                      0x7fec6 (size before relaxing)
 .debug_str     0x0000000000085aa4       0x25 Src/gpio.o
                                      0x7f6ca (size before relaxing)
 .debug_str     0x0000000000085ac9       0x42 Src/i2c.o
                                      0x7fbf3 (size before relaxing)
 .debug_str     0x0000000000085b0b     0x1907 Src/lcd5110.o
                                      0x81390 (size before relaxing)
 .debug_str     0x0000000000087412       0xa6 Src/lcd5110_hal.o
                                      0x7fb6b (size before relaxing)
 .debug_str     0x00000000000874b8      0x475 Src/lcd5110_ll.o
                                      0x7ffce (size before relaxing)
 .debug_str     0x000000000008792d       0x9c Src/main.o
                                      0x80ee7 (size before relaxing)
 .debug_str     0x00000000000879c9       0x17 Src/spi.o
                                      0x7fb37 (size before relaxing)
 .debug_str     0x00000000000879e0       0x1b Src/stm32f4xx_hal_msp.o
                                      0x7f9d7 (size before relaxing)
 .debug_str     0x00000000000879fb       0xb8 Src/stm32f4xx_it.o
                                      0x7f5ae (size before relaxing)
 .debug_str     0x0000000000087ab3       0x5a Src/system_stm32f4xx.o
                                      0x7f6a0 (size before relaxing)
 .debug_str     0x0000000000087b0d       0x30 startup/startup_stm32f411xe.o
                                         0x6b (size before relaxing)

.comment        0x0000000000000000       0x7e
 .comment       0x0000000000000000       0x7e Drivers/STM32F4Discovery/Src/l3gd20.o
                                         0x7f (size before relaxing)
 .comment       0x000000000000007e       0x7f Drivers/STM32F4Discovery/Src/lsm303dlhc.o
 .comment       0x000000000000007e       0x7f Drivers/STM32F4Discovery/Src/stm32f411e_discovery.o
 .comment       0x000000000000007e       0x7f Drivers/STM32F4Discovery/Src/stm32f411e_discovery_accelerometer.o
 .comment       0x000000000000007e       0x7f Drivers/STM32F4Discovery/Src/stm32f411e_discovery_gyroscope.o
 .comment       0x000000000000007e       0x7f Drivers/STM32F4xx_HAL_Driver/Src/stm32f4xx_hal.o
 .comment       0x000000000000007e       0x7f Drivers/STM32F4xx_HAL_Driver/Src/stm32f4xx_hal_cortex.o
 .comment       0x000000000000007e       0x7f Drivers/STM32F4xx_HAL_Driver/Src/stm32f4xx_hal_gpio.o
 .comment       0x000000000000007e       0x7f Drivers/STM32F4xx_HAL_Driver/Src/stm32f4xx_hal_i2c.o
 .comment       0x000000000000007e       0x7f Drivers/STM32F4xx_HAL_Driver/Src/stm32f4xx_hal_rcc.o
 .comment       0x000000000000007e       0x7f Drivers/STM32F4xx_HAL_Driver/Src/stm32f4xx_hal_spi.o
 .comment       0x000000000000007e       0x7f Src/gpio.o
 .comment       0x000000000000007e       0x7f Src/i2c.o
 .comment       0x000000000000007e       0x7f Src/lcd5110.o